\BOOKMARK [0][-]{chapter*.1}{\376\377\000A\000v\000a\000n\000t\000-\000p\000r\000o\000p\000o\000s}{}% 1
\BOOKMARK [-1][-]{part.1}{\376\377\000I\000\040\000A\000p\000p\000r\000o\000c\000h\000e\000\040\000n\000a\000\357\000v\000e}{}% 2
\BOOKMARK [0][-]{chapter.1}{\376\377\000C\000e\000\040\000q\000u\000e\000\040\000l\000'\000o\000n\000\040\000a\000j\000o\000u\000t\000e}{part.1}% 3
\BOOKMARK [1][-]{section.1.1}{\376\377\000L\000e\000\040\000b\000e\000s\000o\000i\000n}{chapter.1}% 4
\BOOKMARK [1][-]{section.1.2}{\376\377\000C\000e\000\040\000q\000u\000i\000\040\000a\000\040\000d\000\351\000j\000\340\000\040\000\351\000t\000\351\000\040\000d\000\351\000c\000i\000d\000\351}{chapter.1}% 5
\BOOKMARK [0][-]{chapter.2}{\376\377\000C\000i\000b\000l\000e\000r\000\040\000u\000n\000e\000\040\000d\000i\000f\000f\000u\000s\000i\000o\000n}{part.1}% 6
\BOOKMARK [1][-]{section.2.1}{\376\377\000U\000n\000\040\000c\000r\000i\000t\000\350\000r\000e\000,\000\040\000p\000a\000s\000\040\000u\000n\000\040\000c\000h\000o\000i\000x\000\040\000p\000a\000r\000m\000i\000\040\000t\000r\000o\000i\000s}{chapter.2}% 7
\BOOKMARK [1][-]{section.2.2}{\376\377\000S\000a\000v\000o\000i\000r\000\040\000q\000u\000i\000\040\000r\000e\000c\000e\000v\000r\000a\000,\000\040\000a\000v\000a\000n\000t\000\040\000d\000'\000e\000n\000v\000o\000y\000e\000r}{chapter.2}% 8
\BOOKMARK [1][-]{section.2.3}{\376\377\000L\000'\000h\000i\000s\000t\000o\000r\000i\000q\000u\000e}{chapter.2}% 9
\BOOKMARK [0][-]{chapter.3}{\376\377\000C\000e\000\040\000q\000u\000e\000\040\000v\000o\000i\000t\000\040\000l\000'\000u\000t\000i\000l\000i\000s\000a\000t\000e\000u\000r}{part.1}% 10
\BOOKMARK [1][-]{section.3.1}{\376\377\000U\000n\000\040\000m\000e\000s\000s\000a\000g\000e\000\040\000d\000i\000f\000f\000u\000s\000\351}{chapter.3}% 11
\BOOKMARK [1][-]{section.3.2}{\376\377\000U\000n\000\040\000s\000t\000a\000t\000u\000t\000\040\000d\000i\000f\000f\000u\000s\000\351}{chapter.3}% 12
\BOOKMARK [-1][-]{part.2}{\376\377\000I\000I\000\040\000A\000p\000p\000r\000o\000c\000h\000e\000\040\000t\000e\000c\000h\000n\000i\000q\000u\000e}{}% 13
\BOOKMARK [0][-]{chapter.4}{\376\377\000L\000a\000\040\000s\000t\000r\000a\000t\000\351\000g\000i\000e\000\040\000d\000e\000\040\000l\000i\000v\000r\000a\000i\000s\000o\000n}{part.2}% 14
\BOOKMARK [1][-]{section.4.1}{\376\377\000L\000e\000\040\000d\000\351\000s\000a\000c\000c\000o\000r\000d\000\040\000\340\000\040\000t\000r\000a\000n\000c\000h\000e\000r}{chapter.4}% 15
\BOOKMARK [1][-]{section.4.2}{\376\377\000L\000e\000s\000\040\000t\000r\000o\000i\000s\000\040\000o\000p\000t\000i\000o\000n\000s\000,\000\040\000c\000h\000i\000f\000f\000r\000\351\000e\000s}{chapter.4}% 16
\BOOKMARK [1][-]{section.4.3}{\376\377\000L\000e\000\040\000m\000o\000m\000e\000n\000t\000\040\000d\000e\000\040\000l\000a\000\040\000m\000a\000t\000\351\000r\000i\000a\000l\000i\000s\000a\000t\000i\000o\000n}{chapter.4}% 17
\BOOKMARK [1][-]{section.4.4}{\376\377\000L\000e\000\040\000g\000a\000r\000d\000e\000-\000f\000o\000u\000\040\000c\000o\000n\000t\000r\000e\000\040\000l\000a\000\040\000d\000\351\000r\000i\000v\000e}{chapter.4}% 18
\BOOKMARK [0][-]{chapter.5}{\376\377\000M\000o\000d\000\350\000l\000e\000\040\000d\000e\000\040\000d\000o\000n\000n\000\351\000e\000s}{part.2}% 19
\BOOKMARK [1][-]{section.5.1}{\376\377\000M\000i\000g\000r\000a\000t\000i\000o\000n\000\040\0000\0002\0005\000\137\000b\000r\000o\000a\000d\000c\000a\000s\000t\000.\000s\000q\000l}{chapter.5}% 20
\BOOKMARK [0][-]{chapter.6}{\376\377\000L\000e\000\040\000r\000\351\000s\000o\000l\000v\000e\000u\000r\000\040\000d\000e\000\040\000c\000r\000i\000t\000\350\000r\000e\000s}{part.2}% 21
\BOOKMARK [1][-]{section.6.1}{\376\377\000F\000o\000r\000m\000a\000t\000\040\000s\000t\000o\000c\000k\000\351}{chapter.6}% 22
\BOOKMARK [1][-]{section.6.2}{\376\377\000D\000e\000u\000x\000\040\000\351\000v\000a\000l\000u\000a\000t\000e\000u\000r\000s\000\040\000p\000o\000u\000r\000\040\000u\000n\000\040\000m\000\352\000m\000e\000\040\000c\000r\000i\000t\000\350\000r\000e}{chapter.6}% 23
\BOOKMARK [1][-]{section.6.3}{\376\377\000S\000\351\000c\000u\000r\000i\000t\000\351\000\040\000:\000\040\000c\000o\000m\000p\000i\000l\000e\000r\000\040\000n\000'\000e\000s\000t\000\040\000p\000a\000s\000\040\000c\000o\000n\000c\000a\000t\000\351\000n\000e\000r}{chapter.6}% 24
\BOOKMARK [1][-]{section.6.4}{\376\377\000C\000e\000\040\000q\000u\000'\000o\000n\000\040\000n\000'\000a\000c\000c\000e\000p\000t\000e\000\040\000p\000a\000s\000\040\000c\000o\000m\000m\000e\000\040\000c\000r\000i\000t\000\350\000r\000e}{chapter.6}% 25
\BOOKMARK [0][-]{chapter.7}{\376\377\000L\000e\000s\000\040\000s\000t\000a\000t\000u\000t\000s\000\040\000o\000f\000f\000i\000c\000i\000e\000l\000s}{part.2}% 26
\BOOKMARK [1][-]{section.7.1}{\376\377\000L\000e\000\040\000c\000o\000r\000r\000e\000c\000t\000i\000f\000\040\000d\000e\000\040\000v\000i\000s\000i\000b\000i\000l\000i\000t\000\351}{chapter.7}% 27
\BOOKMARK [1][-]{section.7.2}{\376\377\000L\000e\000s\000\040\000s\000t\000a\000t\000u\000t\000s\000\040\000n\000'\000o\000n\000t\000\040\000p\000a\000s\000\040\000b\000e\000s\000o\000i\000n\000\040\000d\000e\000\040\000m\000a\000t\000\351\000r\000i\000a\000l\000i\000s\000a\000t\000i\000o\000n}{chapter.7}% 28
\BOOKMARK [0][-]{chapter.8}{\376\377\000L\000a\000\040\000f\000i\000l\000e\000\040\000d\000e\000\040\000j\000o\000b\000s}{part.2}% 29
\BOOKMARK [1][-]{section.8.1}{\376\377\000P\000o\000u\000r\000q\000u\000o\000i\000\040\000e\000l\000l\000e\000\040\000d\000e\000v\000i\000e\000n\000t\000\040\000o\000b\000l\000i\000g\000a\000t\000o\000i\000r\000e\000\040\000i\000c\000i}{chapter.8}% 30
\BOOKMARK [1][-]{section.8.2}{\376\377\000T\000a\000b\000l\000e\000\040\000p\000l\000u\000t\000\364\000t\000\040\000q\000u\000e\000\040\000R\000e\000d\000i\000s}{chapter.8}% 31
\BOOKMARK [1][-]{section.8.3}{\376\377\000C\000o\000n\000s\000o\000m\000m\000a\000t\000i\000o\000n\000\040\000c\000o\000n\000c\000u\000r\000r\000e\000n\000t\000e}{chapter.8}% 32
\BOOKMARK [1][-]{section.8.4}{\376\377\000D\000\351\000c\000o\000u\000p\000a\000g\000e\000\040\000d\000u\000\040\000f\000a\000n\000-\000o\000u\000t}{chapter.8}% 33
\BOOKMARK [0][-]{chapter.9}{\376\377\000I\000m\000p\000a\000c\000t\000\040\000f\000i\000c\000h\000i\000e\000r\000\040\000p\000a\000r\000\040\000f\000i\000c\000h\000i\000e\000r}{part.2}% 34
\BOOKMARK [1][-]{section.9.1}{\376\377\000B\000a\000c\000k\000e\000n\000d}{chapter.9}% 35
\BOOKMARK [1][-]{section.9.2}{\376\377\000A\000d\000m\000i\000n\000i\000s\000t\000r\000a\000t\000i\000o\000n}{chapter.9}% 36
\BOOKMARK [1][-]{section.9.3}{\376\377\000M\000o\000b\000i\000l\000e}{chapter.9}% 37
\BOOKMARK [0][-]{chapter.10}{\376\377\000P\000o\000i\000n\000t\000s\000\040\000d\000e\000\040\000v\000i\000g\000i\000l\000a\000n\000c\000e\000\040\000e\000t\000\040\000q\000u\000e\000s\000t\000i\000o\000n\000s\000\040\000o\000u\000v\000e\000r\000t\000e\000s}{part.2}% 38
\BOOKMARK [1][-]{section.10.1}{\376\377\000C\000h\000a\000n\000t\000i\000e\000r\000\040\000d\000'\000i\000n\000f\000r\000a\000s\000t\000r\000u\000c\000t\000u\000r\000e\000\040\000n\000o\000m\000m\000\351}{chapter.10}% 39
\BOOKMARK [1][-]{section.10.2}{\376\377\000C\000o\000\373\000t\000\040\000d\000e\000\040\000l\000a\000\040\000m\000a\000t\000\351\000r\000i\000a\000l\000i\000s\000a\000t\000i\000o\000n\000\040\000s\000u\000r\000\040\000l\000e\000\040\000c\000h\000e\000m\000i\000n\000\040\000c\000h\000a\000u\000d}{chapter.10}% 40
\BOOKMARK [1][-]{section.10.3}{\376\377\000Q\000u\000e\000s\000t\000i\000o\000n\000s\000\040\000o\000u\000v\000e\000r\000t\000e\000s}{chapter.10}% 41
