\BOOKMARK [0][-]{chapter*.1}{\376\377\000A\000v\000a\000n\000t\000-\000p\000r\000o\000p\000o\000s}{}% 1
\BOOKMARK [-1][-]{part.1}{\376\377\000I\000\040\000A\000p\000p\000r\000o\000c\000h\000e\000\040\000n\000a\000\357\000v\000e}{}% 2
\BOOKMARK [0][-]{chapter.1}{\376\377\000C\000e\000\040\000q\000u\000e\000\040\000l\000a\000\040\000c\000e\000r\000t\000i\000f\000i\000c\000a\000t\000i\000o\000n\000\040\000d\000i\000t\000,\000\040\000e\000t\000\040\000n\000e\000\040\000d\000i\000t\000\040\000p\000a\000s}{part.1}% 3
\BOOKMARK [1][-]{section.1.1}{\376\377\000U\000n\000e\000\040\000s\000e\000u\000l\000e\000\040\000q\000u\000e\000s\000t\000i\000o\000n}{chapter.1}% 4
\BOOKMARK [1][-]{section.1.2}{\376\377\000Q\000u\000i\000\040\000p\000e\000u\000t\000\040\000\352\000t\000r\000e\000\040\000v\000\351\000r\000i\000f\000i\000\351}{chapter.1}% 5
\BOOKMARK [0][-]{chapter.2}{\376\377\000L\000e\000\040\000p\000a\000r\000c\000o\000u\000r\000s\000\040\000d\000u\000\040\000d\000e\000m\000a\000n\000d\000e\000u\000r}{part.1}% 6
\BOOKMARK [1][-]{section.2.1}{\376\377\000T\000r\000o\000i\000s\000\040\000\351\000t\000a\000t\000s}{chapter.2}% 7
\BOOKMARK [1][-]{section.2.2}{\376\377\000L\000e\000s\000\040\000p\000i\000\350\000c\000e\000s\000\040\000d\000e\000m\000a\000n\000d\000\351\000e\000s}{chapter.2}% 8
\BOOKMARK [1][-]{section.2.3}{\376\377\000C\000e\000\040\000q\000u\000i\000\040\000e\000s\000t\000\040\000p\000r\000o\000m\000i\000s\000,\000\040\000e\000t\000\040\000c\000e\000\040\000q\000u\000i\000\040\000n\000e\000\040\000l\000'\000e\000s\000t\000\040\000p\000a\000s}{chapter.2}% 9
\BOOKMARK [0][-]{chapter.3}{\376\377\000L\000e\000\040\000p\000a\000r\000c\000o\000u\000r\000s\000\040\000d\000e\000\040\000l\000'\000a\000d\000m\000i\000n\000i\000s\000t\000r\000a\000t\000e\000u\000r}{part.1}% 10
\BOOKMARK [1][-]{section.3.1}{\376\377\000L\000'\000\351\000c\000r\000a\000n\000\040\000d\000'\000i\000n\000s\000t\000r\000u\000c\000t\000i\000o\000n}{chapter.3}% 11
\BOOKMARK [1][-]{section.3.2}{\376\377\000T\000r\000o\000i\000s\000\040\000i\000s\000s\000u\000e\000s\000,\000\040\000p\000a\000s\000\040\000d\000e\000u\000x}{chapter.3}% 12
\BOOKMARK [1][-]{section.3.3}{\376\377\000Q\000u\000i\000\040\000d\000\351\000c\000i\000d\000e}{chapter.3}% 13
\BOOKMARK [-1][-]{part.2}{\376\377\000I\000I\000\040\000A\000p\000p\000r\000o\000c\000h\000e\000\040\000t\000e\000c\000h\000n\000i\000q\000u\000e}{}% 14
\BOOKMARK [0][-]{chapter.4}{\376\377\000M\000o\000d\000\350\000l\000e\000\040\000d\000e\000\040\000d\000o\000n\000n\000\351\000e\000s}{part.2}% 15
\BOOKMARK [1][-]{section.4.1}{\376\377\000C\000e\000\040\000q\000u\000e\000\040\000l\000e\000\040\000s\000o\000c\000l\000e\000\040\000a\000\040\000d\000\351\000j\000\340\000\040\000p\000o\000s\000\351}{chapter.4}% 16
\BOOKMARK [1][-]{section.4.2}{\376\377\000M\000i\000g\000r\000a\000t\000i\000o\000n\000\040\0000\0002\0007\000\137\000v\000e\000r\000i\000f\000i\000c\000a\000t\000i\000o\000n\000.\000s\000q\000l}{chapter.4}% 17
\BOOKMARK [1][-]{section.4.3}{\376\377\000L\000a\000\040\000m\000a\000c\000h\000i\000n\000e\000\040\000\340\000\040\000\351\000t\000a\000t\000s\000\040\000d\000u\000\040\000d\000o\000s\000s\000i\000e\000r}{chapter.4}% 18
\BOOKMARK [0][-]{chapter.5}{\376\377\000S\000\351\000c\000u\000r\000i\000t\000\351\000\040\000d\000e\000s\000\040\000p\000i\000\350\000c\000e\000s}{part.2}% 19
\BOOKMARK [1][-]{section.5.1}{\376\377\000C\000h\000i\000f\000f\000r\000e\000m\000e\000n\000t\000\040\000a\000u\000\040\000r\000e\000p\000o\000s}{chapter.5}% 20
\BOOKMARK [1][-]{section.5.2}{\376\377\000L\000a\000\040\000p\000u\000r\000g\000e}{chapter.5}% 21
\BOOKMARK [0][-]{chapter.6}{\376\377\000A\000b\000o\000n\000n\000e\000m\000e\000n\000t\000\040\000e\000t\000\040\000p\000a\000i\000e\000m\000e\000n\000t\000\040\040\024\000\040\000c\000o\000n\000\347\000u\000s\000,\000\040\000d\000o\000r\000m\000a\000n\000t\000s}{part.2}% 22
\BOOKMARK [1][-]{section.6.1}{\376\377\000P\000o\000u\000r\000q\000u\000o\000i\000\040\000l\000e\000s\000\040\000c\000o\000n\000c\000e\000v\000o\000i\000r\000\040\000m\000a\000i\000n\000t\000e\000n\000a\000n\000t}{chapter.6}% 23
\BOOKMARK [1][-]{section.6.2}{\376\377\000R\000e\000n\000o\000u\000v\000e\000l\000l\000e\000m\000e\000n\000t\000\040\000m\000a\000n\000u\000e\000l\000,\000\040\000p\000a\000s\000\040\000p\000r\000\351\000l\000\350\000v\000e\000m\000e\000n\000t}{chapter.6}% 24
\BOOKMARK [1][-]{section.6.3}{\376\377\000L\000a\000\040\000r\000\350\000g\000l\000e\000\040\000\340\000\040\000n\000e\000\040\000j\000a\000m\000a\000i\000s\000\040\000e\000n\000f\000r\000e\000i\000n\000d\000r\000e}{chapter.6}% 25
\BOOKMARK [1][-]{section.6.4}{\376\377\000U\000n\000e\000\040\000c\000o\000n\000t\000r\000a\000i\000n\000t\000e\000\040\000d\000e\000\040\000p\000l\000a\000t\000e\000f\000o\000r\000m\000e\000\040\000\340\000\040\000a\000n\000t\000i\000c\000i\000p\000e\000r}{chapter.6}% 26
\BOOKMARK [0][-]{chapter.7}{\376\377\000I\000m\000p\000a\000c\000t\000\040\000f\000i\000c\000h\000i\000e\000r\000\040\000p\000a\000r\000\040\000f\000i\000c\000h\000i\000e\000r}{part.2}% 27
\BOOKMARK [1][-]{section.7.1}{\376\377\000B\000a\000c\000k\000e\000n\000d}{chapter.7}% 28
\BOOKMARK [1][-]{section.7.2}{\376\377\000A\000d\000m\000i\000n\000i\000s\000t\000r\000a\000t\000i\000o\000n\000\040\000e\000t\000\040\000m\000o\000b\000i\000l\000e}{chapter.7}% 29
\BOOKMARK [0][-]{chapter.8}{\376\377\000P\000o\000i\000n\000t\000s\000\040\000d\000e\000\040\000v\000i\000g\000i\000l\000a\000n\000c\000e\000\040\000e\000t\000\040\000q\000u\000e\000s\000t\000i\000o\000n\000s\000\040\000o\000u\000v\000e\000r\000t\000e\000s}{part.2}% 30
\BOOKMARK [1][-]{section.8.1}{\376\377\000C\000h\000a\000n\000t\000i\000e\000r\000s\000\040\000n\000o\000m\000m\000\351\000s}{chapter.8}% 31
\BOOKMARK [1][-]{section.8.2}{\376\377\000Q\000u\000e\000s\000t\000i\000o\000n\000s\000\040\000o\000u\000v\000e\000r\000t\000e\000s}{chapter.8}% 32
