\BOOKMARK [0][-]{chapter*.1}{\376\377\000A\000v\000a\000n\000t\000-\000p\000r\000o\000p\000o\000s}{}% 1
\BOOKMARK [-1][-]{part.1}{\376\377\000I\000\040\000A\000p\000p\000r\000o\000c\000h\000e\000\040\000n\000a\000\357\000v\000e}{}% 2
\BOOKMARK [0][-]{chapter.1}{\376\377\000C\000e\000\040\000q\000u\000'\000u\000n\000\040\000c\000o\000m\000m\000e\000r\000\347\000a\000n\000t\000\040\000p\000e\000u\000t\000\040\000p\000r\000\351\000s\000e\000n\000t\000e\000r}{part.1}% 3
\BOOKMARK [1][-]{section.1.1}{\376\377\000L\000a\000\040\000f\000i\000c\000h\000e}{chapter.1}% 4
\BOOKMARK [1][-]{section.1.2}{\376\377\000L\000e\000\040\000l\000i\000e\000u\000\040\000e\000t\000\040\000l\000a\000\040\000g\000\351\000o\000l\000o\000c\000a\000l\000i\000s\000a\000t\000i\000o\000n}{chapter.1}% 5
\BOOKMARK [1][-]{section.1.3}{\376\377\000M\000\351\000d\000i\000a\000s\000\040\000d\000e\000\040\000p\000r\000\351\000s\000e\000n\000t\000a\000t\000i\000o\000n}{chapter.1}% 6
\BOOKMARK [1][-]{section.1.4}{\376\377\000L\000i\000e\000n\000s\000\040\000e\000t\000\040\000p\000r\000\351\000s\000e\000n\000c\000e\000\040\000e\000n\000\040\000l\000i\000g\000n\000e}{chapter.1}% 7
\BOOKMARK [1][-]{section.1.5}{\376\377\000L\000e\000s\000\040\000q\000u\000a\000t\000r\000e\000\040\000\351\000c\000r\000a\000n\000s}{chapter.1}% 8
\BOOKMARK [1][-]{section.1.6}{\376\377\000L\000e\000\040\000b\000a\000d\000g\000e\000\040\000f\000a\000i\000t\000\040\000s\000o\000n\000\040\000t\000r\000a\000v\000a\000i\000l}{chapter.1}% 9
\BOOKMARK [0][-]{chapter.2}{\376\377\000L\000a\000\040\000c\000a\000t\000\351\000g\000o\000r\000i\000e\000\040\000e\000t\000\040\000l\000e\000s\000\040\000m\000o\000t\000s\000-\000c\000l\000\351\000s}{part.1}% 10
\BOOKMARK [1][-]{section.2.1}{\376\377\000U\000n\000e\000\040\000l\000i\000s\000t\000e\000\040\000c\000o\000u\000r\000t\000e\000,\000\040\000p\000a\000s\000\040\000u\000n\000e\000\040\000a\000r\000b\000o\000r\000e\000s\000c\000e\000n\000c\000e}{chapter.2}% 11
\BOOKMARK [1][-]{section.2.2}{\376\377\000U\000n\000e\000\040\000t\000a\000x\000o\000n\000o\000m\000i\000e\000\040\000e\000s\000t\000\040\000d\000i\000f\000f\000i\000c\000i\000l\000e\000\040\000\340\000\040\000c\000h\000a\000n\000g\000e\000r}{chapter.2}% 12
\BOOKMARK [0][-]{chapter.3}{\376\377\000L\000e\000s\000\040\000h\000o\000r\000a\000i\000r\000e\000s\000,\000\040\000l\000'\000\351\000c\000r\000a\000n\000\040\000l\000e\000\040\000p\000l\000u\000s\000\040\000d\000i\000f\000f\000i\000c\000i\000l\000e}{part.1}% 13
\BOOKMARK [0][-]{chapter.4}{\376\377\000L\000e\000\040\000t\000a\000b\000l\000e\000a\000u\000\040\000d\000e\000\040\000b\000o\000r\000d\000\040\000d\000u\000\040\000c\000o\000m\000m\000e\000r\000\347\000a\000n\000t}{part.1}% 14
\BOOKMARK [1][-]{section.4.1}{\376\377\000C\000e\000\040\000q\000u\000'\000i\000l\000\040\000m\000o\000n\000t\000r\000e}{chapter.4}% 15
\BOOKMARK [1][-]{section.4.2}{\376\377\000C\000e\000\040\000q\000u\000e\000\040\000c\000e\000l\000a\000\040\000i\000m\000p\000l\000i\000q\000u\000e}{chapter.4}% 16
\BOOKMARK [-1][-]{part.2}{\376\377\000I\000I\000\040\000A\000p\000p\000r\000o\000c\000h\000e\000\040\000t\000e\000c\000h\000n\000i\000q\000u\000e}{}% 17
\BOOKMARK [0][-]{chapter.5}{\376\377\000M\000o\000d\000\350\000l\000e\000\040\000d\000e\000\040\000d\000o\000n\000n\000\351\000e\000s}{part.2}% 18
\BOOKMARK [1][-]{section.5.1}{\376\377\000V\000u\000e\000\040\000d\000'\000e\000n\000s\000e\000m\000b\000l\000e}{chapter.5}% 19
\BOOKMARK [1][-]{section.5.2}{\376\377\000L\000e\000\040\000p\000r\000o\000f\000i\000l}{chapter.5}% 20
\BOOKMARK [1][-]{section.5.3}{\376\377\000L\000i\000e\000n\000s\000,\000\040\000m\000\351\000d\000i\000a\000s\000,\000\040\000m\000o\000t\000s\000-\000c\000l\000\351\000s}{chapter.5}% 21
\BOOKMARK [1][-]{section.5.4}{\376\377\000H\000o\000r\000a\000i\000r\000e\000s}{chapter.5}% 22
\BOOKMARK [1][-]{section.5.5}{\376\377\000C\000a\000t\000a\000l\000o\000g\000u\000e}{chapter.5}% 23
\BOOKMARK [0][-]{chapter.6}{\376\377\000U\000n\000\040\000l\000i\000e\000u\000,\000\040\000o\000u\000\040\000p\000l\000u\000s\000i\000e\000u\000r\000s}{part.2}% 24
\BOOKMARK [1][-]{section.6.1}{\376\377\000C\000e\000\040\000q\000u\000i\000\040\000e\000s\000t\000\040\000r\000e\000t\000e\000n\000u}{chapter.6}% 25
\BOOKMARK [1][-]{section.6.2}{\376\377\000L\000a\000\040\000v\000a\000r\000i\000a\000n\000t\000e\000\040\000m\000u\000l\000t\000i\000-\000l\000i\000e\000u\000x}{chapter.6}% 26
\BOOKMARK [0][-]{chapter.7}{\376\377\000A\000n\000n\000u\000a\000i\000r\000e\000\040\000e\000t\000\040\000r\000e\000c\000h\000e\000r\000c\000h\000e\000\040\000d\000e\000\040\000p\000r\000o\000x\000i\000m\000i\000t\000\351}{part.2}% 27
\BOOKMARK [1][-]{section.7.1}{\376\377\000L\000'\000\351\000t\000a\000t\000\040\000a\000c\000t\000u\000e\000l}{chapter.7}% 28
\BOOKMARK [1][-]{section.7.2}{\376\377\000L\000a\000\040\000r\000e\000q\000u\000\352\000t\000e}{chapter.7}% 29
\BOOKMARK [1][-]{section.7.3}{\376\377\000\253\000\040\000O\000u\000v\000e\000r\000t\000\040\000m\000a\000i\000n\000t\000e\000n\000a\000n\000t\000\040\000\273}{chapter.7}% 30
\BOOKMARK [0][-]{chapter.8}{\376\377\000T\000a\000b\000l\000e\000a\000u\000\040\000d\000e\000\040\000b\000o\000r\000d\000\040\000d\000'\000a\000u\000d\000i\000e\000n\000c\000e}{part.2}% 31
\BOOKMARK [1][-]{section.8.1}{\376\377\000J\000o\000u\000r\000n\000a\000l\000\040\000d\000'\000\351\000v\000\351\000n\000e\000m\000e\000n\000t\000s}{chapter.8}% 32
\BOOKMARK [1][-]{section.8.2}{\376\377\000C\000e\000\040\000q\000u\000e\000\040\000l\000e\000\040\000c\000o\000m\000m\000e\000r\000\347\000a\000n\000t\000\040\000v\000o\000i\000t}{chapter.8}% 33
\BOOKMARK [0][-]{chapter.9}{\376\377\000M\000\351\000d\000i\000a\000s\000\040\000:\000\040\000s\000t\000o\000c\000k\000a\000g\000e\000\040\000e\000t\000\040\000t\000r\000a\000n\000s\000c\000o\000d\000a\000g\000e}{part.2}% 34
\BOOKMARK [1][-]{section.9.1}{\376\377\000C\000e\000\040\000q\000u\000e\000\040\000l\000'\000e\000x\000i\000s\000t\000a\000n\000t\000\040\000s\000a\000i\000t\000\040\000d\000\351\000j\000\340\000\040\000f\000a\000i\000r\000e}{chapter.9}% 35
\BOOKMARK [1][-]{section.9.2}{\376\377\000T\000r\000o\000i\000s\000\040\000p\000r\000o\000b\000l\000\350\000m\000e\000s\000\040\000q\000u\000e\000\040\000l\000a\000\040\000f\000i\000c\000h\000e\000\040\000b\000u\000s\000i\000n\000e\000s\000s\000\040\000i\000n\000t\000r\000o\000d\000u\000i\000t}{chapter.9}% 36
\BOOKMARK [1][-]{section.9.3}{\376\377\000L\000a\000\040\000c\000h\000a\000\356\000n\000e\000\040\000d\000e\000\040\000t\000r\000a\000i\000t\000e\000m\000e\000n\000t}{chapter.9}% 37
\BOOKMARK [1][-]{section.9.4}{\376\377\000L\000i\000m\000i\000t\000e\000s\000\040\000\340\000\040\000f\000i\000x\000e\000r}{chapter.9}% 38
\BOOKMARK [0][-]{chapter.10}{\376\377\000I\000m\000p\000a\000c\000t\000\040\000f\000i\000c\000h\000i\000e\000r\000\040\000p\000a\000r\000\040\000f\000i\000c\000h\000i\000e\000r}{part.2}% 39
\BOOKMARK [1][-]{section.10.1}{\376\377\000B\000a\000c\000k\000e\000n\000d}{chapter.10}% 40
\BOOKMARK [1][-]{section.10.2}{\376\377\000M\000o\000b\000i\000l\000e}{chapter.10}% 41
\BOOKMARK [0][-]{chapter.11}{\376\377\000P\000o\000i\000n\000t\000s\000\040\000d\000e\000\040\000v\000i\000g\000i\000l\000a\000n\000c\000e\000\040\000e\000t\000\040\000q\000u\000e\000s\000t\000i\000o\000n\000s\000\040\000o\000u\000v\000e\000r\000t\000e\000s}{part.2}% 42
\BOOKMARK [1][-]{section.11.1}{\376\377\000C\000h\000a\000n\000t\000i\000e\000r\000s\000\040\000d\000'\000i\000n\000f\000r\000a\000s\000t\000r\000u\000c\000t\000u\000r\000e\000\040\000n\000o\000m\000m\000\351\000s}{chapter.11}% 43
\BOOKMARK [1][-]{section.11.2}{\376\377\000Q\000u\000e\000s\000t\000i\000o\000n\000s\000\040\000o\000u\000v\000e\000r\000t\000e\000s}{chapter.11}% 44
