\BOOKMARK [0][-]{chapter*.1}{\376\377\000R\000\351\000s\000u\000m\000\351}{}% 1
\BOOKMARK [0][-]{chapter*.2}{\376\377\000C\000o\000m\000m\000e\000n\000t\000\040\000l\000i\000r\000e\000\040\000c\000e\000\040\000d\000o\000s\000s\000i\000e\000r}{}% 2
\BOOKMARK [-1][-]{part.1}{\376\377\000I\000\040\000A\000p\000p\000r\000o\000c\000h\000e\000\040\000n\000a\000\357\000v\000e}{}% 3
\BOOKMARK [0][-]{chapter.1}{\376\377\000C\000e\000\040\000q\000u\000e\000\040\000l\000'\000o\000n\000\040\000a\000j\000o\000u\000t\000e\000,\000\040\000e\000t\000\040\000p\000o\000u\000r\000q\000u\000o\000i}{part.1}% 4
\BOOKMARK [1][-]{section.1.1}{\376\377\000L\000a\000\040\000s\000i\000t\000u\000a\000t\000i\000o\000n\000\040\000a\000u\000j\000o\000u\000r\000d\000'\000h\000u\000i}{chapter.1}% 5
\BOOKMARK [1][-]{section.1.2}{\376\377\000D\000e\000u\000x\000\040\000q\000u\000e\000s\000t\000i\000o\000n\000s\000,\000\040\000p\000a\000s\000\040\000u\000n\000e}{chapter.1}% 6
\BOOKMARK [1][-]{section.1.3}{\376\377\000C\000e\000\040\000q\000u\000e\000\040\000c\000o\000u\000v\000r\000e\000\040\000l\000'\000\351\000t\000a\000p\000e\000\040\0001\000\040\040\024\000\040\000e\000t\000\040\000c\000e\000\040\000q\000u\000'\000e\000l\000l\000e\000\040\000n\000e\000\040\000c\000o\000u\000v\000r\000e\000\040\000p\000a\000s}{chapter.1}% 7
\BOOKMARK [0][-]{chapter.2}{\376\377\000C\000e\000\040\000q\000u\000e\000\040\000l\000'\000u\000t\000i\000l\000i\000s\000a\000t\000e\000u\000r\000\040\000v\000o\000i\000t}{part.1}% 8
\BOOKMARK [1][-]{section.2.1}{\376\377\000L\000e\000\040\000p\000r\000i\000n\000c\000i\000p\000e\000\040\000d\000u\000\040\000b\000a\000d\000g\000e}{chapter.2}% 9
\BOOKMARK [1][-]{section.2.2}{\376\377\000L\000e\000s\000\040\000c\000i\000n\000q\000\040\000r\000e\000n\000d\000u\000s}{chapter.2}% 10
\BOOKMARK [1][-]{section.2.3}{\376\377\000O\000\371\000\040\000l\000e\000\040\000b\000a\000d\000g\000e\000\040\000a\000p\000p\000a\000r\000a\000\356\000t}{chapter.2}% 11
\BOOKMARK [1][-]{section.2.4}{\376\377\000P\000o\000u\000r\000q\000u\000o\000i\000\040\000l\000a\000\040\000d\000i\000s\000t\000i\000n\000c\000t\000i\000o\000n\000\040\000d\000\351\000c\000l\000a\000r\000\351\000\040\000/\000\040\000v\000\351\000r\000i\000f\000i\000\351\000\040\000e\000s\000t\000\040\000c\000r\000i\000t\000i\000q\000u\000e}{chapter.2}% 12
\BOOKMARK [1][-]{section.2.5}{\376\377\000P\000r\000o\000t\000\351\000g\000e\000r\000\040\000l\000e\000\040\000b\000a\000d\000g\000e\000\040\000d\000e\000s\000\040\000c\000o\000n\000t\000o\000u\000r\000n\000e\000m\000e\000n\000t\000s}{chapter.2}% 13
\BOOKMARK [0][-]{chapter.3}{\376\377\000L\000e\000s\000\040\000r\000\350\000g\000l\000e\000s\000\040\000d\000e\000\040\000v\000i\000e\000\040\000d\000'\000u\000n\000\040\000c\000o\000m\000p\000t\000e}{part.1}% 14
\BOOKMARK [1][-]{section.3.1}{\376\377\000D\000e\000v\000e\000n\000i\000r\000\040\000u\000n\000\040\000c\000o\000m\000p\000t\000e\000\040\000b\000u\000s\000i\000n\000e\000s\000s\000,\000\040\000e\000t\000\040\000r\000e\000v\000e\000n\000i\000r\000\040\000e\000n\000\040\000a\000r\000r\000i\000\350\000r\000e}{chapter.3}% 15
\BOOKMARK [1][-]{section.3.2}{\376\377\000L\000a\000\040\000v\000i\000e\000\040\000d\000'\000u\000n\000e\000\040\000v\000\351\000r\000i\000f\000i\000c\000a\000t\000i\000o\000n}{chapter.3}% 16
\BOOKMARK [1][-]{section.3.3}{\376\377\000L\000'\000e\000x\000p\000i\000r\000a\000t\000i\000o\000n\000\040\000e\000t\000\040\000s\000a\000\040\000r\000e\000l\000a\000n\000c\000e}{chapter.3}% 17
\BOOKMARK [1][-]{section.3.4}{\376\377\000L\000e\000\040\000c\000o\000m\000p\000t\000e\000\040\000o\000f\000f\000i\000c\000i\000e\000l}{chapter.3}% 18
\BOOKMARK [1][-]{section.3.5}{\376\377\000U\000n\000\040\000c\000o\000m\000p\000t\000e\000\040\000b\000u\000s\000i\000n\000e\000s\000s\000\040\000n\000e\000\040\000p\000e\000u\000t\000\040\000p\000a\000s\000\040\000\352\000t\000r\000e\000\040\000a\000d\000m\000i\000n\000i\000s\000t\000r\000a\000t\000e\000u\000r}{chapter.3}% 19
\BOOKMARK [0][-]{chapter.4}{\376\377\000L\000e\000\040\000b\000e\000s\000o\000i\000n}{part.1}% 20
\BOOKMARK [1][-]{section.4.1}{\376\377\000C\000e\000\040\000q\000u\000i\000\040\000e\000x\000i\000s\000t\000e\000\040\000d\000\351\000j\000\340}{chapter.4}% 21
\BOOKMARK [1][-]{section.4.2}{\376\377\000C\000e\000\040\000q\000u\000'\000o\000n\000\040\000a\000j\000o\000u\000t\000e}{chapter.4}% 22
\BOOKMARK [1][-]{section.4.3}{\376\377\000L\000e\000s\000\040\000r\000\350\000g\000l\000e\000s\000\040\000p\000r\000o\000d\000u\000i\000t}{chapter.4}% 23
\BOOKMARK [0][-]{chapter.5}{\376\377\000L\000e\000s\000\040\000\351\000c\000r\000a\000n\000s}{part.1}% 24
\BOOKMARK [1][-]{section.5.1}{\376\377\000V\000u\000e\000\040\000d\000'\000e\000n\000s\000e\000m\000b\000l\000e}{chapter.5}% 25
\BOOKMARK [1][-]{section.5.2}{\376\377\000\311\000c\000r\000a\000n\000\040\0001\000\040\040\024\000\040\000C\000o\000n\000t\000a\000c\000t\000s\000\040\000p\000r\000\351\000f\000\351\000r\000\351\000s\000,\000\040\000f\000i\000l\000t\000r\000\351\000s}{chapter.5}% 26
\BOOKMARK [1][-]{section.5.3}{\376\377\000\311\000c\000r\000a\000n\000\040\0002\000\040\040\024\000\040\000G\000e\000s\000t\000i\000o\000n\000\040\000d\000e\000s\000\040\000l\000i\000s\000t\000e\000s}{chapter.5}% 27
\BOOKMARK [1][-]{section.5.4}{\376\377\000\311\000c\000r\000a\000n\000\040\0003\000\040\040\024\000\040\000D\000\351\000t\000a\000i\000l\000\040\000d\000'\000u\000n\000e\000\040\000l\000i\000s\000t\000e}{chapter.5}% 28
\BOOKMARK [1][-]{section.5.5}{\376\377\000P\000o\000i\000n\000t\000s\000\040\000d\000'\000e\000n\000t\000r\000\351\000e}{chapter.5}% 29
\BOOKMARK [0][-]{chapter.6}{\376\377\000C\000e\000\040\000q\000u\000e\000\040\000l\000'\000o\000n\000\040\000a\000j\000o\000u\000t\000e}{part.1}% 30
\BOOKMARK [1][-]{section.6.1}{\376\377\000L\000e\000\040\000b\000e\000s\000o\000i\000n}{chapter.6}% 31
\BOOKMARK [1][-]{section.6.2}{\376\377\000C\000e\000\040\000q\000u\000i\000\040\000a\000\040\000d\000\351\000j\000\340\000\040\000\351\000t\000\351\000\040\000d\000\351\000c\000i\000d\000\351}{chapter.6}% 32
\BOOKMARK [0][-]{chapter.7}{\376\377\000C\000i\000b\000l\000e\000r\000\040\000u\000n\000e\000\040\000d\000i\000f\000f\000u\000s\000i\000o\000n}{part.1}% 33
\BOOKMARK [1][-]{section.7.1}{\376\377\000U\000n\000\040\000c\000r\000i\000t\000\350\000r\000e\000,\000\040\000p\000a\000s\000\040\000u\000n\000\040\000c\000h\000o\000i\000x\000\040\000p\000a\000r\000m\000i\000\040\000t\000r\000o\000i\000s}{chapter.7}% 34
\BOOKMARK [1][-]{section.7.2}{\376\377\000S\000a\000v\000o\000i\000r\000\040\000q\000u\000i\000\040\000r\000e\000c\000e\000v\000r\000a\000,\000\040\000a\000v\000a\000n\000t\000\040\000d\000'\000e\000n\000v\000o\000y\000e\000r}{chapter.7}% 35
\BOOKMARK [1][-]{section.7.3}{\376\377\000L\000'\000h\000i\000s\000t\000o\000r\000i\000q\000u\000e}{chapter.7}% 36
\BOOKMARK [0][-]{chapter.8}{\376\377\000C\000e\000\040\000q\000u\000e\000\040\000v\000o\000i\000t\000\040\000l\000'\000u\000t\000i\000l\000i\000s\000a\000t\000e\000u\000r}{part.1}% 37
\BOOKMARK [1][-]{section.8.1}{\376\377\000U\000n\000\040\000m\000e\000s\000s\000a\000g\000e\000\040\000d\000i\000f\000f\000u\000s\000\351}{chapter.8}% 38
\BOOKMARK [1][-]{section.8.2}{\376\377\000U\000n\000\040\000s\000t\000a\000t\000u\000t\000\040\000d\000i\000f\000f\000u\000s\000\351}{chapter.8}% 39
\BOOKMARK [0][-]{chapter.9}{\376\377\000C\000e\000\040\000q\000u\000'\000u\000n\000\040\000c\000o\000m\000m\000e\000r\000\347\000a\000n\000t\000\040\000p\000e\000u\000t\000\040\000p\000r\000\351\000s\000e\000n\000t\000e\000r}{part.1}% 40
\BOOKMARK [1][-]{section.9.1}{\376\377\000L\000a\000\040\000f\000i\000c\000h\000e}{chapter.9}% 41
\BOOKMARK [1][-]{section.9.2}{\376\377\000L\000e\000\040\000l\000i\000e\000u\000\040\000e\000t\000\040\000l\000a\000\040\000g\000\351\000o\000l\000o\000c\000a\000l\000i\000s\000a\000t\000i\000o\000n}{chapter.9}% 42
\BOOKMARK [1][-]{section.9.3}{\376\377\000M\000\351\000d\000i\000a\000s\000\040\000d\000e\000\040\000p\000r\000\351\000s\000e\000n\000t\000a\000t\000i\000o\000n}{chapter.9}% 43
\BOOKMARK [1][-]{section.9.4}{\376\377\000L\000i\000e\000n\000s\000\040\000e\000t\000\040\000p\000r\000\351\000s\000e\000n\000c\000e\000\040\000e\000n\000\040\000l\000i\000g\000n\000e}{chapter.9}% 44
\BOOKMARK [1][-]{section.9.5}{\376\377\000L\000e\000s\000\040\000q\000u\000a\000t\000r\000e\000\040\000\351\000c\000r\000a\000n\000s}{chapter.9}% 45
\BOOKMARK [1][-]{section.9.6}{\376\377\000L\000e\000\040\000b\000a\000d\000g\000e\000\040\000f\000a\000i\000t\000\040\000s\000o\000n\000\040\000t\000r\000a\000v\000a\000i\000l}{chapter.9}% 46
\BOOKMARK [0][-]{chapter.10}{\376\377\000L\000a\000\040\000c\000a\000t\000\351\000g\000o\000r\000i\000e\000\040\000e\000t\000\040\000l\000e\000s\000\040\000m\000o\000t\000s\000-\000c\000l\000\351\000s}{part.1}% 47
\BOOKMARK [1][-]{section.10.1}{\376\377\000U\000n\000e\000\040\000l\000i\000s\000t\000e\000\040\000c\000o\000u\000r\000t\000e\000,\000\040\000p\000a\000s\000\040\000u\000n\000e\000\040\000a\000r\000b\000o\000r\000e\000s\000c\000e\000n\000c\000e}{chapter.10}% 48
\BOOKMARK [1][-]{section.10.2}{\376\377\000U\000n\000e\000\040\000t\000a\000x\000o\000n\000o\000m\000i\000e\000\040\000e\000s\000t\000\040\000d\000i\000f\000f\000i\000c\000i\000l\000e\000\040\000\340\000\040\000c\000h\000a\000n\000g\000e\000r}{chapter.10}% 49
\BOOKMARK [0][-]{chapter.11}{\376\377\000L\000e\000s\000\040\000h\000o\000r\000a\000i\000r\000e\000s\000,\000\040\000l\000'\000\351\000c\000r\000a\000n\000\040\000l\000e\000\040\000p\000l\000u\000s\000\040\000d\000i\000f\000f\000i\000c\000i\000l\000e}{part.1}% 50
\BOOKMARK [0][-]{chapter.12}{\376\377\000L\000e\000\040\000t\000a\000b\000l\000e\000a\000u\000\040\000d\000e\000\040\000b\000o\000r\000d\000\040\000d\000u\000\040\000c\000o\000m\000m\000e\000r\000\347\000a\000n\000t}{part.1}% 51
\BOOKMARK [1][-]{section.12.1}{\376\377\000C\000e\000\040\000q\000u\000'\000i\000l\000\040\000m\000o\000n\000t\000r\000e}{chapter.12}% 52
\BOOKMARK [1][-]{section.12.2}{\376\377\000C\000e\000\040\000q\000u\000e\000\040\000c\000e\000l\000a\000\040\000i\000m\000p\000l\000i\000q\000u\000e}{chapter.12}% 53
\BOOKMARK [0][-]{chapter.13}{\376\377\000C\000e\000\040\000q\000u\000e\000\040\000l\000a\000\040\000c\000e\000r\000t\000i\000f\000i\000c\000a\000t\000i\000o\000n\000\040\000d\000i\000t\000,\000\040\000e\000t\000\040\000n\000e\000\040\000d\000i\000t\000\040\000p\000a\000s}{part.1}% 54
\BOOKMARK [1][-]{section.13.1}{\376\377\000U\000n\000e\000\040\000s\000e\000u\000l\000e\000\040\000q\000u\000e\000s\000t\000i\000o\000n}{chapter.13}% 55
\BOOKMARK [1][-]{section.13.2}{\376\377\000Q\000u\000i\000\040\000p\000e\000u\000t\000\040\000\352\000t\000r\000e\000\040\000v\000\351\000r\000i\000f\000i\000\351}{chapter.13}% 56
\BOOKMARK [0][-]{chapter.14}{\376\377\000L\000e\000\040\000p\000a\000r\000c\000o\000u\000r\000s\000\040\000d\000u\000\040\000d\000e\000m\000a\000n\000d\000e\000u\000r}{part.1}% 57
\BOOKMARK [1][-]{section.14.1}{\376\377\000T\000r\000o\000i\000s\000\040\000\351\000t\000a\000t\000s}{chapter.14}% 58
\BOOKMARK [1][-]{section.14.2}{\376\377\000L\000e\000s\000\040\000p\000i\000\350\000c\000e\000s\000\040\000d\000e\000m\000a\000n\000d\000\351\000e\000s}{chapter.14}% 59
\BOOKMARK [1][-]{section.14.3}{\376\377\000C\000e\000\040\000q\000u\000i\000\040\000e\000s\000t\000\040\000p\000r\000o\000m\000i\000s\000,\000\040\000e\000t\000\040\000c\000e\000\040\000q\000u\000i\000\040\000n\000e\000\040\000l\000'\000e\000s\000t\000\040\000p\000a\000s}{chapter.14}% 60
\BOOKMARK [0][-]{chapter.15}{\376\377\000L\000e\000\040\000p\000a\000r\000c\000o\000u\000r\000s\000\040\000d\000e\000\040\000l\000'\000a\000d\000m\000i\000n\000i\000s\000t\000r\000a\000t\000e\000u\000r}{part.1}% 61
\BOOKMARK [1][-]{section.15.1}{\376\377\000L\000'\000\351\000c\000r\000a\000n\000\040\000d\000'\000i\000n\000s\000t\000r\000u\000c\000t\000i\000o\000n}{chapter.15}% 62
\BOOKMARK [1][-]{section.15.2}{\376\377\000T\000r\000o\000i\000s\000\040\000i\000s\000s\000u\000e\000s\000,\000\040\000p\000a\000s\000\040\000d\000e\000u\000x}{chapter.15}% 63
\BOOKMARK [1][-]{section.15.3}{\376\377\000Q\000u\000i\000\040\000d\000\351\000c\000i\000d\000e}{chapter.15}% 64
\BOOKMARK [0][-]{chapter.16}{\376\377\000L\000e\000\040\000b\000e\000s\000o\000i\000n}{part.1}% 65
\BOOKMARK [1][-]{section.16.1}{\376\377\000C\000e\000\040\000q\000u\000i\000\040\000e\000x\000i\000s\000t\000e\000\040\000d\000\351\000j\000\340}{chapter.16}% 66
\BOOKMARK [1][-]{section.16.2}{\376\377\000C\000e\000\040\000q\000u\000'\000o\000n\000\040\000a\000j\000o\000u\000t\000e}{chapter.16}% 67
\BOOKMARK [1][-]{section.16.3}{\376\377\000L\000e\000s\000\040\000r\000\350\000g\000l\000e\000s\000\040\000p\000r\000o\000d\000u\000i\000t}{chapter.16}% 68
\BOOKMARK [0][-]{chapter.17}{\376\377\000M\000o\000n\000\040\000c\000o\000d\000e\000\040\000p\000e\000r\000s\000o\000n\000n\000e\000l}{part.1}% 69
\BOOKMARK [1][-]{section.17.1}{\376\377\000V\000u\000e\000\040\000d\000'\000e\000n\000s\000e\000m\000b\000l\000e}{chapter.17}% 70
\BOOKMARK [1][-]{section.17.2}{\376\377\000\311\000c\000r\000a\000n\000\040\040\024\000\040\000M\000o\000n\000\040\000c\000o\000d\000e}{chapter.17}% 71
\BOOKMARK [1][-]{section.17.3}{\376\377\000\312\000t\000r\000e\000\040\000p\000r\000\351\000v\000e\000n\000u\000,\000\040\000a\000j\000o\000u\000t\000e\000r\000\040\000e\000n\000\040\000r\000e\000t\000o\000u\000r}{chapter.17}% 72
\BOOKMARK [1][-]{section.17.4}{\376\377\000R\000e\000c\000o\000n\000n\000a\000\356\000t\000r\000e\000\040\000u\000n\000\040\000c\000o\000n\000t\000a\000c\000t\000\040\000a\000j\000o\000u\000t\000\351\000\040\000p\000a\000r\000\040\000Q\000R}{chapter.17}% 73
\BOOKMARK [1][-]{section.17.5}{\376\377\000P\000a\000r\000t\000a\000g\000e\000r\000\040\000s\000o\000n\000\040\000c\000o\000d\000e}{chapter.17}% 74
\BOOKMARK [1][-]{section.17.6}{\376\377\000\311\000c\000r\000a\000n\000\040\040\024\000\040\000S\000c\000a\000n\000n\000e\000r}{chapter.17}% 75
\BOOKMARK [1][-]{section.17.7}{\376\377\000P\000o\000i\000n\000t\000s\000\040\000d\000'\000e\000n\000t\000r\000\351\000e}{chapter.17}% 76
\BOOKMARK [0][-]{chapter.18}{\376\377\000C\000o\000n\000n\000e\000x\000i\000o\000n\000\040\000d\000'\000u\000n\000\040\000s\000e\000c\000o\000n\000d\000\040\000a\000p\000p\000a\000r\000e\000i\000l}{part.1}% 77
\BOOKMARK [1][-]{section.18.1}{\376\377\000L\000e\000\040\000p\000r\000i\000n\000c\000i\000p\000e}{chapter.18}% 78
\BOOKMARK [1][-]{section.18.2}{\376\377\000\311\000c\000r\000a\000n\000\040\040\024\000\040\000S\000e\000\040\000c\000o\000n\000n\000e\000c\000t\000e\000r\000\040\000p\000a\000r\000\040\000Q\000R}{chapter.18}% 79
\BOOKMARK [1][-]{section.18.3}{\376\377\000\311\000c\000r\000a\000n\000\040\040\024\000\040\000C\000o\000n\000f\000i\000r\000m\000e\000r\000\040\000l\000a\000\040\000c\000o\000n\000n\000e\000x\000i\000o\000n}{chapter.18}% 80
\BOOKMARK [1][-]{section.18.4}{\376\377\000\311\000c\000r\000a\000n\000\040\040\024\000\040\000M\000e\000s\000\040\000a\000p\000p\000a\000r\000e\000i\000l\000s\000\040\000c\000o\000n\000n\000e\000c\000t\000\351\000s}{chapter.18}% 81
\BOOKMARK [1][-]{section.18.5}{\376\377\000P\000o\000i\000n\000t\000s\000\040\000d\000'\000e\000n\000t\000r\000\351\000e}{chapter.18}% 82
\BOOKMARK [-1][-]{part.2}{\376\377\000I\000I\000\040\000A\000p\000p\000r\000o\000c\000h\000e\000\040\000t\000e\000c\000h\000n\000i\000q\000u\000e}{}% 83
\BOOKMARK [0][-]{chapter.19}{\376\377\000M\000o\000d\000\350\000l\000e\000\040\000d\000e\000\040\000d\000o\000n\000n\000\351\000e\000s}{part.2}% 84
\BOOKMARK [1][-]{section.19.1}{\376\377\000P\000o\000u\000r\000q\000u\000o\000i\000\040\000\351\000t\000e\000n\000d\000r\000e\000\040\000u\000s\000e\000r\000s\000\040\000p\000l\000u\000t\000\364\000t\000\040\000q\000u\000e\000\040\000c\000r\000\351\000e\000r\000\040\000u\000n\000e\000\040\000t\000a\000b\000l\000e\000\040\000a\000c\000c\000o\000u\000n\000t\000s}{chapter.19}% 85
\BOOKMARK [1][-]{section.19.2}{\376\377\000L\000a\000\040\000m\000i\000g\000r\000a\000t\000i\000o\000n}{chapter.19}% 86
\BOOKMARK [1][-]{section.19.3}{\376\377\000L\000e\000s\000\040\000\351\000n\000u\000m\000\351\000r\000a\000t\000i\000o\000n\000s\000,\000\040\000c\000\364\000t\000\351\000\040\000N\000o\000d\000e}{chapter.19}% 87
\BOOKMARK [1][-]{section.19.4}{\376\377\000R\000a\000c\000c\000o\000r\000d\000e\000m\000e\000n\000t\000\040\000a\000u\000\040\000s\000c\000h\000\351\000m\000a\000\040\000e\000x\000i\000s\000t\000a\000n\000t}{chapter.19}% 88
\BOOKMARK [0][-]{chapter.20}{\376\377\000D\000\351\000r\000i\000v\000a\000t\000i\000o\000n\000\040\000d\000u\000\040\000b\000a\000d\000g\000e}{part.2}% 89
\BOOKMARK [1][-]{section.20.1}{\376\377\000U\000n\000e\000\040\000f\000o\000n\000c\000t\000i\000o\000n\000\040\000p\000u\000r\000e\000,\000\040\000t\000r\000o\000i\000s\000\040\000i\000m\000p\000l\000\351\000m\000e\000n\000t\000a\000t\000i\000o\000n\000s\000\040\000i\000d\000e\000n\000t\000i\000q\000u\000e\000s}{chapter.20}% 90
\BOOKMARK [1][-]{section.20.2}{\376\377\000L\000e\000\040\000p\000i\000\350\000g\000e\000\040\000\340\000\040\000c\000o\000r\000r\000i\000g\000e\000r\000\040\000a\000v\000a\000n\000t\000\040\000t\000o\000u\000t}{chapter.20}% 91
\BOOKMARK [1][-]{section.20.3}{\376\377\000C\000o\000m\000p\000o\000s\000a\000n\000t\000\040\000e\000x\000i\000s\000t\000a\000n\000t\000\040\000\340\000\040\000n\000e\000\040\000p\000a\000s\000\040\000c\000o\000n\000f\000o\000n\000d\000r\000e}{chapter.20}% 92
\BOOKMARK [0][-]{chapter.21}{\376\377\000R\000\350\000g\000l\000e\000s\000\040\000a\000p\000p\000l\000i\000q\000u\000\351\000e\000s\000\040\000p\000a\000r\000\040\000l\000e\000\040\000s\000e\000r\000v\000e\000u\000r}{part.2}% 93
\BOOKMARK [1][-]{section.21.1}{\376\377\000E\000x\000c\000l\000u\000s\000i\000o\000n\000\040\000b\000u\000s\000i\000n\000e\000s\000s\000\040\000/\000\040\000a\000d\000m\000i\000n\000i\000s\000t\000r\000a\000t\000e\000u\000r}{chapter.21}% 94
\BOOKMARK [1][-]{section.21.2}{\376\377\000V\000a\000l\000i\000d\000a\000t\000i\000o\000n\000\040\000d\000e\000s\000\040\000n\000o\000m\000s\000\040\000d\000'\000a\000f\000f\000i\000c\000h\000a\000g\000e}{chapter.21}% 95
\BOOKMARK [1][-]{section.21.3}{\376\377\000I\000n\000t\000e\000r\000d\000i\000r\000e\000\040\000l\000a\000\040\000r\000\351\000p\000o\000n\000s\000e\000\040\000a\000u\000\040\000c\000o\000m\000p\000t\000e\000\040\000o\000f\000f\000i\000c\000i\000e\000l}{chapter.21}% 96
\BOOKMARK [1][-]{section.21.4}{\376\377\000E\000x\000p\000i\000r\000a\000t\000i\000o\000n\000\040\000:\000\040\000r\000\351\000u\000t\000i\000l\000i\000s\000e\000r\000\040\000l\000e\000\040\000m\000\351\000c\000a\000n\000i\000s\000m\000e\000\040\000e\000x\000i\000s\000t\000a\000n\000t}{chapter.21}% 97
\BOOKMARK [0][-]{chapter.22}{\376\377\000I\000m\000p\000a\000c\000t\000\040\000f\000i\000c\000h\000i\000e\000r\000\040\000p\000a\000r\000\040\000f\000i\000c\000h\000i\000e\000r}{part.2}% 98
\BOOKMARK [1][-]{section.22.1}{\376\377\000B\000a\000c\000k\000e\000n\000d\000\040\040\024\000\040\000A\000l\000a\000n\000y\000a\000-\000B\000a\000c\000k\000e\000n\000d}{chapter.22}% 99
\BOOKMARK [1][-]{section.22.2}{\376\377\000M\000o\000b\000i\000l\000e\000\040\040\024\000\040\000T\000a\000l\000k\000y\000\040\000\050\000F\000l\000u\000t\000t\000e\000r\000\051}{chapter.22}% 100
\BOOKMARK [1][-]{section.22.3}{\376\377\000A\000d\000m\000i\000n\000i\000s\000t\000r\000a\000t\000i\000o\000n\000\040\040\024\000\040\000A\000l\000a\000n\000y\000a\000\040\000A\000d\000m\000i\000n}{chapter.22}% 101
\BOOKMARK [0][-]{chapter.23}{\376\377\000P\000o\000i\000n\000t\000s\000\040\000d\000e\000\040\000v\000i\000g\000i\000l\000a\000n\000c\000e\000\040\000e\000t\000\040\000q\000u\000e\000s\000t\000i\000o\000n\000s\000\040\000o\000u\000v\000e\000r\000t\000e\000s}{part.2}% 102
\BOOKMARK [1][-]{section.23.1}{\376\377\000\300\000\040\000v\000\351\000r\000i\000f\000i\000e\000r\000\040\000a\000v\000a\000n\000t\000\040\000d\000'\000a\000p\000p\000l\000i\000q\000u\000e\000r\000\040\000l\000a\000\040\000m\000i\000g\000r\000a\000t\000i\000o\000n}{chapter.23}% 103
\BOOKMARK [1][-]{section.23.2}{\376\377\000C\000o\000l\000l\000i\000s\000i\000o\000n\000\040\000d\000e\000\040\000n\000u\000m\000\351\000r\000o\000t\000a\000t\000i\000o\000n}{chapter.23}% 104
\BOOKMARK [1][-]{section.23.3}{\376\377\000\311\000c\000a\000r\000t\000\040\000a\000s\000s\000u\000m\000\351\000\040\000a\000v\000e\000c\000\040\000l\000a\000\040\000c\000o\000n\000c\000e\000p\000t\000i\000o\000n\000\040\000i\000n\000i\000t\000i\000a\000l\000e}{chapter.23}% 105
\BOOKMARK [1][-]{section.23.4}{\376\377\000C\000e\000\040\000q\000u\000i\000\040\000r\000e\000s\000t\000e\000\040\000\340\000\040\000d\000\351\000c\000i\000d\000e\000r}{chapter.23}% 106
\BOOKMARK [0][-]{chapter.24}{\376\377\000M\000o\000d\000\350\000l\000e\000\040\000d\000e\000\040\000d\000o\000n\000n\000\351\000e\000s}{part.2}% 107
\BOOKMARK [1][-]{section.24.1}{\376\377\000D\000e\000u\000x\000\040\000t\000a\000b\000l\000e\000s}{chapter.24}% 108
\BOOKMARK [1][-]{section.24.2}{\376\377\000L\000'\000a\000p\000p\000a\000r\000t\000e\000n\000a\000n\000c\000e\000\040\000n\000'\000e\000s\000t\000\040\000p\000a\000s\000\040\000c\000o\000n\000t\000r\000a\000i\000n\000t\000e\000\040\000p\000a\000r\000\040\000l\000a\000\040\000b\000a\000s\000e}{chapter.24}% 109
\BOOKMARK [0][-]{chapter.25}{\376\377\000A\000P\000I}{part.2}% 110
\BOOKMARK [1][-]{section.25.1}{\376\377\000C\000o\000n\000t\000r\000\364\000l\000e\000u\000r\000\040\040\024\000\040\000s\000r\000c\000/\000c\000o\000n\000t\000r\000o\000l\000l\000e\000r\000s\000/\000c\000o\000n\000t\000a\000c\000t\000L\000i\000s\000t\000C\000o\000n\000t\000r\000o\000l\000l\000e\000r\000.\000j\000s}{chapter.25}% 111
\BOOKMARK [1][-]{section.25.2}{\376\377\000R\000o\000u\000t\000e\000s\000\040\040\024\000\040\000s\000r\000c\000/\000r\000o\000u\000t\000e\000s\000/\000c\000o\000n\000t\000a\000c\000t\000L\000i\000s\000t\000s\000.\000j\000s}{chapter.25}% 112
\BOOKMARK [0][-]{chapter.26}{\376\377\000C\000l\000i\000e\000n\000t\000\040\000F\000l\000u\000t\000t\000e\000r}{part.2}% 113
\BOOKMARK [1][-]{section.26.1}{\376\377\000C\000o\000u\000c\000h\000e\000\040\000d\000o\000n\000n\000\351\000e\000s}{chapter.26}% 114
\BOOKMARK [1][-]{section.26.2}{\376\377\000I\000n\000t\000e\000r\000f\000a\000c\000e}{chapter.26}% 115
\BOOKMARK [0][-]{chapter.27}{\376\377\000A\000r\000b\000i\000t\000r\000a\000g\000e\000\040\000:\000\040\000l\000i\000s\000t\000e\000\040\000d\000e\000\040\000c\000o\000n\000t\000a\000c\000t\000s\000\040\000n\000'\000e\000s\000t\000\040\000p\000a\000s\000\040\000a\000u\000d\000i\000e\000n\000c\000e\000\040\000d\000e\000\040\000d\000i\000f\000f\000u\000s\000i\000o\000n}{part.2}% 116
\BOOKMARK [0][-]{chapter.28}{\376\377\000V\000\351\000r\000i\000f\000i\000c\000a\000t\000i\000o\000n}{part.2}% 117
\BOOKMARK [1][-]{section.28.1}{\376\377\000B\000a\000c\000k\000e\000n\000d}{chapter.28}% 118
\BOOKMARK [1][-]{section.28.2}{\376\377\000C\000l\000i\000e\000n\000t}{chapter.28}% 119
\BOOKMARK [1][-]{section.28.3}{\376\377\000P\000o\000i\000n\000t\000s\000\040\000o\000u\000v\000e\000r\000t\000s}{chapter.28}% 120
\BOOKMARK [0][-]{chapter.29}{\376\377\000L\000a\000\040\000s\000t\000r\000a\000t\000\351\000g\000i\000e\000\040\000d\000e\000\040\000l\000i\000v\000r\000a\000i\000s\000o\000n}{part.2}% 121
\BOOKMARK [1][-]{section.29.1}{\376\377\000L\000e\000\040\000d\000\351\000s\000a\000c\000c\000o\000r\000d\000\040\000\340\000\040\000t\000r\000a\000n\000c\000h\000e\000r}{chapter.29}% 122
\BOOKMARK [1][-]{section.29.2}{\376\377\000L\000e\000s\000\040\000t\000r\000o\000i\000s\000\040\000o\000p\000t\000i\000o\000n\000s\000,\000\040\000c\000h\000i\000f\000f\000r\000\351\000e\000s}{chapter.29}% 123
\BOOKMARK [1][-]{section.29.3}{\376\377\000L\000e\000\040\000m\000o\000m\000e\000n\000t\000\040\000d\000e\000\040\000l\000a\000\040\000m\000a\000t\000\351\000r\000i\000a\000l\000i\000s\000a\000t\000i\000o\000n}{chapter.29}% 124
\BOOKMARK [1][-]{section.29.4}{\376\377\000L\000e\000\040\000g\000a\000r\000d\000e\000-\000f\000o\000u\000\040\000c\000o\000n\000t\000r\000e\000\040\000l\000a\000\040\000d\000\351\000r\000i\000v\000e}{chapter.29}% 125
\BOOKMARK [0][-]{chapter.30}{\376\377\000M\000o\000d\000\350\000l\000e\000\040\000d\000e\000\040\000d\000o\000n\000n\000\351\000e\000s}{part.2}% 126
\BOOKMARK [1][-]{section.30.1}{\376\377\000M\000i\000g\000r\000a\000t\000i\000o\000n\000\040\0000\0002\0005\000\137\000b\000r\000o\000a\000d\000c\000a\000s\000t\000.\000s\000q\000l}{chapter.30}% 127
\BOOKMARK [0][-]{chapter.31}{\376\377\000L\000e\000\040\000r\000\351\000s\000o\000l\000v\000e\000u\000r\000\040\000d\000e\000\040\000c\000r\000i\000t\000\350\000r\000e\000s}{part.2}% 128
\BOOKMARK [1][-]{section.31.1}{\376\377\000F\000o\000r\000m\000a\000t\000\040\000s\000t\000o\000c\000k\000\351}{chapter.31}% 129
\BOOKMARK [1][-]{section.31.2}{\376\377\000D\000e\000u\000x\000\040\000\351\000v\000a\000l\000u\000a\000t\000e\000u\000r\000s\000\040\000p\000o\000u\000r\000\040\000u\000n\000\040\000m\000\352\000m\000e\000\040\000c\000r\000i\000t\000\350\000r\000e}{chapter.31}% 130
\BOOKMARK [1][-]{section.31.3}{\376\377\000S\000\351\000c\000u\000r\000i\000t\000\351\000\040\000:\000\040\000c\000o\000m\000p\000i\000l\000e\000r\000\040\000n\000'\000e\000s\000t\000\040\000p\000a\000s\000\040\000c\000o\000n\000c\000a\000t\000\351\000n\000e\000r}{chapter.31}% 131
\BOOKMARK [1][-]{section.31.4}{\376\377\000C\000e\000\040\000q\000u\000'\000o\000n\000\040\000n\000'\000a\000c\000c\000e\000p\000t\000e\000\040\000p\000a\000s\000\040\000c\000o\000m\000m\000e\000\040\000c\000r\000i\000t\000\350\000r\000e}{chapter.31}% 132
\BOOKMARK [0][-]{chapter.32}{\376\377\000L\000e\000s\000\040\000s\000t\000a\000t\000u\000t\000s\000\040\000o\000f\000f\000i\000c\000i\000e\000l\000s}{part.2}% 133
\BOOKMARK [1][-]{section.32.1}{\376\377\000L\000e\000\040\000c\000o\000r\000r\000e\000c\000t\000i\000f\000\040\000d\000e\000\040\000v\000i\000s\000i\000b\000i\000l\000i\000t\000\351}{chapter.32}% 134
\BOOKMARK [1][-]{section.32.2}{\376\377\000L\000e\000s\000\040\000s\000t\000a\000t\000u\000t\000s\000\040\000n\000'\000o\000n\000t\000\040\000p\000a\000s\000\040\000b\000e\000s\000o\000i\000n\000\040\000d\000e\000\040\000m\000a\000t\000\351\000r\000i\000a\000l\000i\000s\000a\000t\000i\000o\000n}{chapter.32}% 135
\BOOKMARK [0][-]{chapter.33}{\376\377\000L\000a\000\040\000f\000i\000l\000e\000\040\000d\000e\000\040\000j\000o\000b\000s}{part.2}% 136
\BOOKMARK [1][-]{section.33.1}{\376\377\000P\000o\000u\000r\000q\000u\000o\000i\000\040\000e\000l\000l\000e\000\040\000d\000e\000v\000i\000e\000n\000t\000\040\000o\000b\000l\000i\000g\000a\000t\000o\000i\000r\000e\000\040\000i\000c\000i}{chapter.33}% 137
\BOOKMARK [1][-]{section.33.2}{\376\377\000T\000a\000b\000l\000e\000\040\000p\000l\000u\000t\000\364\000t\000\040\000q\000u\000e\000\040\000R\000e\000d\000i\000s}{chapter.33}% 138
\BOOKMARK [1][-]{section.33.3}{\376\377\000C\000o\000n\000s\000o\000m\000m\000a\000t\000i\000o\000n\000\040\000c\000o\000n\000c\000u\000r\000r\000e\000n\000t\000e}{chapter.33}% 139
\BOOKMARK [1][-]{section.33.4}{\376\377\000D\000\351\000c\000o\000u\000p\000a\000g\000e\000\040\000d\000u\000\040\000f\000a\000n\000-\000o\000u\000t}{chapter.33}% 140
\BOOKMARK [0][-]{chapter.34}{\376\377\000I\000m\000p\000a\000c\000t\000\040\000f\000i\000c\000h\000i\000e\000r\000\040\000p\000a\000r\000\040\000f\000i\000c\000h\000i\000e\000r}{part.2}% 141
\BOOKMARK [1][-]{section.34.1}{\376\377\000B\000a\000c\000k\000e\000n\000d}{chapter.34}% 142
\BOOKMARK [1][-]{section.34.2}{\376\377\000A\000d\000m\000i\000n\000i\000s\000t\000r\000a\000t\000i\000o\000n}{chapter.34}% 143
\BOOKMARK [1][-]{section.34.3}{\376\377\000M\000o\000b\000i\000l\000e}{chapter.34}% 144
\BOOKMARK [0][-]{chapter.35}{\376\377\000P\000o\000i\000n\000t\000s\000\040\000d\000e\000\040\000v\000i\000g\000i\000l\000a\000n\000c\000e\000\040\000e\000t\000\040\000q\000u\000e\000s\000t\000i\000o\000n\000s\000\040\000o\000u\000v\000e\000r\000t\000e\000s}{part.2}% 145
\BOOKMARK [1][-]{section.35.1}{\376\377\000C\000h\000a\000n\000t\000i\000e\000r\000\040\000d\000'\000i\000n\000f\000r\000a\000s\000t\000r\000u\000c\000t\000u\000r\000e\000\040\000n\000o\000m\000m\000\351}{chapter.35}% 146
\BOOKMARK [1][-]{section.35.2}{\376\377\000C\000o\000\373\000t\000\040\000d\000e\000\040\000l\000a\000\040\000m\000a\000t\000\351\000r\000i\000a\000l\000i\000s\000a\000t\000i\000o\000n\000\040\000s\000u\000r\000\040\000l\000e\000\040\000c\000h\000e\000m\000i\000n\000\040\000c\000h\000a\000u\000d}{chapter.35}% 147
\BOOKMARK [1][-]{section.35.3}{\376\377\000Q\000u\000e\000s\000t\000i\000o\000n\000s\000\040\000o\000u\000v\000e\000r\000t\000e\000s}{chapter.35}% 148
\BOOKMARK [0][-]{chapter.36}{\376\377\000M\000o\000d\000\350\000l\000e\000\040\000d\000e\000\040\000d\000o\000n\000n\000\351\000e\000s}{part.2}% 149
\BOOKMARK [1][-]{section.36.1}{\376\377\000V\000u\000e\000\040\000d\000'\000e\000n\000s\000e\000m\000b\000l\000e}{chapter.36}% 150
\BOOKMARK [1][-]{section.36.2}{\376\377\000L\000e\000\040\000p\000r\000o\000f\000i\000l}{chapter.36}% 151
\BOOKMARK [1][-]{section.36.3}{\376\377\000L\000i\000e\000n\000s\000,\000\040\000m\000\351\000d\000i\000a\000s\000,\000\040\000m\000o\000t\000s\000-\000c\000l\000\351\000s}{chapter.36}% 152
\BOOKMARK [1][-]{section.36.4}{\376\377\000H\000o\000r\000a\000i\000r\000e\000s}{chapter.36}% 153
\BOOKMARK [1][-]{section.36.5}{\376\377\000C\000a\000t\000a\000l\000o\000g\000u\000e}{chapter.36}% 154
\BOOKMARK [0][-]{chapter.37}{\376\377\000U\000n\000\040\000l\000i\000e\000u\000,\000\040\000o\000u\000\040\000p\000l\000u\000s\000i\000e\000u\000r\000s}{part.2}% 155
\BOOKMARK [1][-]{section.37.1}{\376\377\000C\000e\000\040\000q\000u\000i\000\040\000e\000s\000t\000\040\000r\000e\000t\000e\000n\000u}{chapter.37}% 156
\BOOKMARK [1][-]{section.37.2}{\376\377\000L\000a\000\040\000v\000a\000r\000i\000a\000n\000t\000e\000\040\000m\000u\000l\000t\000i\000-\000l\000i\000e\000u\000x}{chapter.37}% 157
\BOOKMARK [0][-]{chapter.38}{\376\377\000A\000n\000n\000u\000a\000i\000r\000e\000\040\000e\000t\000\040\000r\000e\000c\000h\000e\000r\000c\000h\000e\000\040\000d\000e\000\040\000p\000r\000o\000x\000i\000m\000i\000t\000\351}{part.2}% 158
\BOOKMARK [1][-]{section.38.1}{\376\377\000L\000'\000\351\000t\000a\000t\000\040\000a\000c\000t\000u\000e\000l}{chapter.38}% 159
\BOOKMARK [1][-]{section.38.2}{\376\377\000L\000a\000\040\000r\000e\000q\000u\000\352\000t\000e}{chapter.38}% 160
\BOOKMARK [1][-]{section.38.3}{\376\377\000\253\000\040\000O\000u\000v\000e\000r\000t\000\040\000m\000a\000i\000n\000t\000e\000n\000a\000n\000t\000\040\000\273}{chapter.38}% 161
\BOOKMARK [0][-]{chapter.39}{\376\377\000T\000a\000b\000l\000e\000a\000u\000\040\000d\000e\000\040\000b\000o\000r\000d\000\040\000d\000'\000a\000u\000d\000i\000e\000n\000c\000e}{part.2}% 162
\BOOKMARK [1][-]{section.39.1}{\376\377\000J\000o\000u\000r\000n\000a\000l\000\040\000d\000'\000\351\000v\000\351\000n\000e\000m\000e\000n\000t\000s}{chapter.39}% 163
\BOOKMARK [1][-]{section.39.2}{\376\377\000C\000e\000\040\000q\000u\000e\000\040\000l\000e\000\040\000c\000o\000m\000m\000e\000r\000\347\000a\000n\000t\000\040\000v\000o\000i\000t}{chapter.39}% 164
\BOOKMARK [0][-]{chapter.40}{\376\377\000M\000\351\000d\000i\000a\000s\000\040\000:\000\040\000s\000t\000o\000c\000k\000a\000g\000e\000\040\000e\000t\000\040\000t\000r\000a\000n\000s\000c\000o\000d\000a\000g\000e}{part.2}% 165
\BOOKMARK [1][-]{section.40.1}{\376\377\000C\000e\000\040\000q\000u\000e\000\040\000l\000'\000e\000x\000i\000s\000t\000a\000n\000t\000\040\000s\000a\000i\000t\000\040\000d\000\351\000j\000\340\000\040\000f\000a\000i\000r\000e}{chapter.40}% 166
\BOOKMARK [1][-]{section.40.2}{\376\377\000T\000r\000o\000i\000s\000\040\000p\000r\000o\000b\000l\000\350\000m\000e\000s\000\040\000q\000u\000e\000\040\000l\000a\000\040\000f\000i\000c\000h\000e\000\040\000b\000u\000s\000i\000n\000e\000s\000s\000\040\000i\000n\000t\000r\000o\000d\000u\000i\000t}{chapter.40}% 167
\BOOKMARK [1][-]{section.40.3}{\376\377\000L\000a\000\040\000c\000h\000a\000\356\000n\000e\000\040\000d\000e\000\040\000t\000r\000a\000i\000t\000e\000m\000e\000n\000t}{chapter.40}% 168
\BOOKMARK [1][-]{section.40.4}{\376\377\000L\000i\000m\000i\000t\000e\000s\000\040\000\340\000\040\000f\000i\000x\000e\000r}{chapter.40}% 169
\BOOKMARK [0][-]{chapter.41}{\376\377\000I\000m\000p\000a\000c\000t\000\040\000f\000i\000c\000h\000i\000e\000r\000\040\000p\000a\000r\000\040\000f\000i\000c\000h\000i\000e\000r}{part.2}% 170
\BOOKMARK [1][-]{section.41.1}{\376\377\000B\000a\000c\000k\000e\000n\000d}{chapter.41}% 171
\BOOKMARK [1][-]{section.41.2}{\376\377\000M\000o\000b\000i\000l\000e}{chapter.41}% 172
\BOOKMARK [0][-]{chapter.42}{\376\377\000P\000o\000i\000n\000t\000s\000\040\000d\000e\000\040\000v\000i\000g\000i\000l\000a\000n\000c\000e\000\040\000e\000t\000\040\000q\000u\000e\000s\000t\000i\000o\000n\000s\000\040\000o\000u\000v\000e\000r\000t\000e\000s}{part.2}% 173
\BOOKMARK [1][-]{section.42.1}{\376\377\000C\000h\000a\000n\000t\000i\000e\000r\000s\000\040\000d\000'\000i\000n\000f\000r\000a\000s\000t\000r\000u\000c\000t\000u\000r\000e\000\040\000n\000o\000m\000m\000\351\000s}{chapter.42}% 174
\BOOKMARK [1][-]{section.42.2}{\376\377\000Q\000u\000e\000s\000t\000i\000o\000n\000s\000\040\000o\000u\000v\000e\000r\000t\000e\000s}{chapter.42}% 175
\BOOKMARK [0][-]{chapter.43}{\376\377\000M\000o\000d\000\350\000l\000e\000\040\000d\000e\000\040\000d\000o\000n\000n\000\351\000e\000s}{part.2}% 176
\BOOKMARK [1][-]{section.43.1}{\376\377\000C\000e\000\040\000q\000u\000e\000\040\000l\000e\000\040\000s\000o\000c\000l\000e\000\040\000a\000\040\000d\000\351\000j\000\340\000\040\000p\000o\000s\000\351}{chapter.43}% 177
\BOOKMARK [1][-]{section.43.2}{\376\377\000M\000i\000g\000r\000a\000t\000i\000o\000n\000\040\0000\0002\0007\000\137\000v\000e\000r\000i\000f\000i\000c\000a\000t\000i\000o\000n\000.\000s\000q\000l}{chapter.43}% 178
\BOOKMARK [1][-]{section.43.3}{\376\377\000L\000a\000\040\000m\000a\000c\000h\000i\000n\000e\000\040\000\340\000\040\000\351\000t\000a\000t\000s\000\040\000d\000u\000\040\000d\000o\000s\000s\000i\000e\000r}{chapter.43}% 179
\BOOKMARK [0][-]{chapter.44}{\376\377\000S\000\351\000c\000u\000r\000i\000t\000\351\000\040\000d\000e\000s\000\040\000p\000i\000\350\000c\000e\000s}{part.2}% 180
\BOOKMARK [1][-]{section.44.1}{\376\377\000C\000h\000i\000f\000f\000r\000e\000m\000e\000n\000t\000\040\000a\000u\000\040\000r\000e\000p\000o\000s}{chapter.44}% 181
\BOOKMARK [1][-]{section.44.2}{\376\377\000L\000a\000\040\000p\000u\000r\000g\000e}{chapter.44}% 182
\BOOKMARK [0][-]{chapter.45}{\376\377\000A\000b\000o\000n\000n\000e\000m\000e\000n\000t\000\040\000e\000t\000\040\000p\000a\000i\000e\000m\000e\000n\000t\000\040\040\024\000\040\000c\000o\000n\000\347\000u\000s\000,\000\040\000d\000o\000r\000m\000a\000n\000t\000s}{part.2}% 183
\BOOKMARK [1][-]{section.45.1}{\376\377\000P\000o\000u\000r\000q\000u\000o\000i\000\040\000l\000e\000s\000\040\000c\000o\000n\000c\000e\000v\000o\000i\000r\000\040\000m\000a\000i\000n\000t\000e\000n\000a\000n\000t}{chapter.45}% 184
\BOOKMARK [1][-]{section.45.2}{\376\377\000R\000e\000n\000o\000u\000v\000e\000l\000l\000e\000m\000e\000n\000t\000\040\000m\000a\000n\000u\000e\000l\000,\000\040\000p\000a\000s\000\040\000p\000r\000\351\000l\000\350\000v\000e\000m\000e\000n\000t}{chapter.45}% 185
\BOOKMARK [1][-]{section.45.3}{\376\377\000L\000a\000\040\000r\000\350\000g\000l\000e\000\040\000\340\000\040\000n\000e\000\040\000j\000a\000m\000a\000i\000s\000\040\000e\000n\000f\000r\000e\000i\000n\000d\000r\000e}{chapter.45}% 186
\BOOKMARK [1][-]{section.45.4}{\376\377\000U\000n\000e\000\040\000c\000o\000n\000t\000r\000a\000i\000n\000t\000e\000\040\000d\000e\000\040\000p\000l\000a\000t\000e\000f\000o\000r\000m\000e\000\040\000\340\000\040\000a\000n\000t\000i\000c\000i\000p\000e\000r}{chapter.45}% 187
\BOOKMARK [0][-]{chapter.46}{\376\377\000I\000m\000p\000a\000c\000t\000\040\000f\000i\000c\000h\000i\000e\000r\000\040\000p\000a\000r\000\040\000f\000i\000c\000h\000i\000e\000r}{part.2}% 188
\BOOKMARK [1][-]{section.46.1}{\376\377\000B\000a\000c\000k\000e\000n\000d}{chapter.46}% 189
\BOOKMARK [1][-]{section.46.2}{\376\377\000A\000d\000m\000i\000n\000i\000s\000t\000r\000a\000t\000i\000o\000n\000\040\000e\000t\000\040\000m\000o\000b\000i\000l\000e}{chapter.46}% 190
\BOOKMARK [0][-]{chapter.47}{\376\377\000P\000o\000i\000n\000t\000s\000\040\000d\000e\000\040\000v\000i\000g\000i\000l\000a\000n\000c\000e\000\040\000e\000t\000\040\000q\000u\000e\000s\000t\000i\000o\000n\000s\000\040\000o\000u\000v\000e\000r\000t\000e\000s}{part.2}% 191
\BOOKMARK [1][-]{section.47.1}{\376\377\000C\000h\000a\000n\000t\000i\000e\000r\000s\000\040\000n\000o\000m\000m\000\351\000s}{chapter.47}% 192
\BOOKMARK [1][-]{section.47.2}{\376\377\000Q\000u\000e\000s\000t\000i\000o\000n\000s\000\040\000o\000u\000v\000e\000r\000t\000e\000s}{chapter.47}% 193
\BOOKMARK [0][-]{chapter.48}{\376\377\000E\000n\000v\000e\000l\000o\000p\000p\000e\000\040\000d\000e\000\040\000p\000a\000y\000l\000o\000a\000d\000\040\000e\000t\000\040\000r\000\351\000s\000o\000l\000u\000t\000i\000o\000n}{part.2}% 194
\BOOKMARK [0][-]{chapter.49}{\376\377\000M\000o\000d\000\350\000l\000e\000\040\000d\000e\000\040\000d\000o\000n\000n\000\351\000e\000s}{part.2}% 195
\BOOKMARK [1][-]{section.49.1}{\376\377\000L\000e\000\040\000j\000e\000t\000o\000n\000\040\000d\000'\000i\000d\000e\000n\000t\000i\000t\000\351\000\040\000p\000e\000r\000m\000a\000n\000e\000n\000t\000,\000\040\000e\000t\000\040\000s\000o\000n\000\040\000v\000e\000r\000r\000o\000u}{chapter.49}% 196
\BOOKMARK [1][-]{section.49.2}{\376\377\000L\000a\000\040\000n\000a\000t\000u\000r\000e\000\040\000d\000e\000\040\000d\000e\000v\000i\000c\000e\000\137\000i\000d}{chapter.49}% 197
\BOOKMARK [1][-]{section.49.3}{\376\377\000L\000e\000\040\000j\000e\000t\000o\000n\000\040\000e\000t\000\040\000l\000a\000\040\000t\000a\000b\000l\000e\000\040\000a\000p\000p\000a\000r\000e\000i\000l\000s}{chapter.49}% 198
\BOOKMARK [1][-]{section.49.4}{\376\377\000L\000'\000o\000r\000i\000g\000i\000n\000e\000\040\000d\000'\000u\000n\000\040\000c\000o\000n\000t\000a\000c\000t}{chapter.49}% 199
\BOOKMARK [0][-]{chapter.50}{\376\377\000R\000e\000n\000d\000r\000e\000\040\000l\000a\000\040\000r\000\351\000v\000o\000c\000a\000t\000i\000o\000n\000\040\000r\000\351\000e\000l\000l\000e}{part.2}% 200
\BOOKMARK [1][-]{section.50.1}{\376\377\000C\000e\000\040\000q\000u\000e\000\040\000f\000a\000i\000t\000\040\000v\000r\000a\000i\000m\000e\000n\000t\000\040\000l\000a\000\040\000r\000\351\000v\000o\000c\000a\000t\000i\000o\000n}{chapter.50}% 201
\BOOKMARK [0][-]{chapter.51}{\376\377\000A\000j\000o\000u\000t\000\040\000d\000e\000\040\000c\000o\000n\000t\000a\000c\000t\000\040\000i\000n\000s\000t\000a\000n\000t\000a\000n\000\351}{part.2}% 202
\BOOKMARK [1][-]{section.51.1}{\376\377\000L\000e\000\040\000j\000e\000t\000o\000n\000\040\000\351\000p\000h\000\351\000m\000\350\000r\000e\000,\000\040\000e\000n\000\040\000m\000\351\000m\000o\000i\000r\000e}{chapter.51}% 203
\BOOKMARK [1][-]{section.51.2}{\376\377\000R\000\351\000s\000o\000l\000u\000t\000i\000o\000n\000\040\000e\000t\000\040\000c\000o\000n\000s\000o\000m\000m\000a\000t\000i\000o\000n}{chapter.51}% 204
\BOOKMARK [1][-]{section.51.3}{\376\377\000P\000r\000\351\000v\000e\000n\000i\000r\000\040\000l\000e\000\040\000p\000r\000o\000p\000r\000i\000\351\000t\000a\000i\000r\000e}{chapter.51}% 205
\BOOKMARK [1][-]{section.51.4}{\376\377\000L\000'\000a\000j\000o\000u\000t\000\040\000e\000n\000\040\000r\000e\000t\000o\000u\000r}{chapter.51}% 206
\BOOKMARK [0][-]{chapter.52}{\376\377\000L\000a\000\040\000s\000e\000s\000s\000i\000o\000n\000\040\000d\000e\000\040\000c\000o\000n\000n\000e\000x\000i\000o\000n\000\040\000\351\000p\000h\000\351\000m\000\350\000r\000e}{part.2}% 207
\BOOKMARK [1][-]{section.52.1}{\376\377\000U\000n\000e\000\040\000s\000t\000r\000u\000c\000t\000u\000r\000e\000\040\000e\000n\000\040\000m\000\351\000m\000o\000i\000r\000e\000,\000\040\000p\000a\000s\000\040\000u\000n\000e\000\040\000t\000a\000b\000l\000e}{chapter.52}% 208
\BOOKMARK [1][-]{section.52.2}{\376\377\000D\000e\000u\000x\000\040\000s\000e\000c\000r\000e\000t\000s\000\040\000p\000a\000r\000\040\000s\000e\000s\000s\000i\000o\000n\000,\000\040\000j\000a\000m\000a\000i\000s\000\040\000i\000n\000t\000e\000r\000c\000h\000a\000n\000g\000e\000a\000b\000l\000e\000s}{chapter.52}% 209
\BOOKMARK [1][-]{section.52.3}{\376\377\000C\000y\000c\000l\000e\000\040\000d\000e\000\040\000v\000i\000e}{chapter.52}% 210
\BOOKMARK [1][-]{section.52.4}{\376\377\000L\000'\000e\000x\000c\000e\000p\000t\000i\000o\000n\000\040\000d\000'\000a\000u\000t\000h\000e\000n\000t\000i\000f\000i\000c\000a\000t\000i\000o\000n\000\040\000s\000o\000c\000k\000e\000t}{chapter.52}% 211
\BOOKMARK [0][-]{chapter.53}{\376\377\000A\000P\000I}{part.2}% 212
\BOOKMARK [1][-]{section.53.1}{\376\377\000L\000i\000m\000i\000t\000a\000t\000i\000o\000n\000\040\000d\000e\000\040\000d\000\351\000b\000i\000t}{chapter.53}% 213
\BOOKMARK [0][-]{chapter.54}{\376\377\000C\000l\000i\000e\000n\000t\000\040\000F\000l\000u\000t\000t\000e\000r}{part.2}% 214
\BOOKMARK [1][-]{section.54.1}{\376\377\000C\000o\000u\000c\000h\000e\000\040\000d\000o\000n\000n\000\351\000e\000s}{chapter.54}% 215
\BOOKMARK [1][-]{section.54.2}{\376\377\000I\000n\000t\000e\000r\000f\000a\000c\000e}{chapter.54}% 216
\BOOKMARK [1][-]{section.54.3}{\376\377\000M\000o\000n\000\040\000c\000o\000d\000e\000\040\000:\000\040\000d\000\351\000c\000o\000m\000p\000t\000e\000,\000\040\000c\000o\000n\000s\000o\000m\000m\000a\000t\000i\000o\000n\000,\000\040\000r\000\351\000g\000\351\000n\000\351\000r\000a\000t\000i\000o\000n}{chapter.54}% 217
\BOOKMARK [1][-]{section.54.4}{\376\377\000L\000a\000\040\000p\000a\000s\000t\000i\000l\000l\000e\000,\000\040\000r\000e\000n\000d\000u\000e\000\040\000\340\000\040\000u\000n\000\040\000s\000e\000u\000l\000\040\000e\000n\000d\000r\000o\000i\000t}{chapter.54}% 218
\BOOKMARK [1][-]{section.54.5}{\376\377\000L\000e\000\040\000d\000i\000a\000l\000o\000g\000u\000e\000\040\000g\000l\000o\000b\000a\000l\000\040\000d\000'\000a\000j\000o\000u\000t\000\040\000e\000n\000\040\000r\000e\000t\000o\000u\000r}{chapter.54}% 219
\BOOKMARK [1][-]{section.54.6}{\376\377\000L\000i\000e\000n\000s\000\040\000p\000r\000o\000f\000o\000n\000d\000s}{chapter.54}% 220
\BOOKMARK [0][-]{chapter.55}{\376\377\000I\000m\000p\000a\000c\000t\000\040\000f\000i\000c\000h\000i\000e\000r\000\040\000p\000a\000r\000\040\000f\000i\000c\000h\000i\000e\000r}{part.2}% 221
\BOOKMARK [1][-]{section.55.1}{\376\377\000B\000a\000c\000k\000e\000n\000d\000\040\040\024\000\040\000A\000l\000a\000n\000y\000a\000-\000B\000a\000c\000k\000e\000n\000d}{chapter.55}% 222
\BOOKMARK [1][-]{section.55.2}{\376\377\000M\000o\000b\000i\000l\000e\000\040\040\024\000\040\000T\000a\000l\000k\000y\000\040\000\050\000F\000l\000u\000t\000t\000e\000r\000\051}{chapter.55}% 223
\BOOKMARK [0][-]{chapter.56}{\376\377\000V\000\351\000r\000i\000f\000i\000c\000a\000t\000i\000o\000n}{part.2}% 224
\BOOKMARK [1][-]{section.56.1}{\376\377\000B\000a\000c\000k\000e\000n\000d}{chapter.56}% 225
\BOOKMARK [1][-]{section.56.2}{\376\377\000C\000l\000i\000e\000n\000t}{chapter.56}% 226
\BOOKMARK [0][-]{chapter.57}{\376\377\000P\000o\000i\000n\000t\000s\000\040\000d\000e\000\040\000v\000i\000g\000i\000l\000a\000n\000c\000e\000\040\000e\000t\000\040\000q\000u\000e\000s\000t\000i\000o\000n\000s\000\040\000o\000u\000v\000e\000r\000t\000e\000s}{part.2}% 227
\BOOKMARK [0][-]{chapter*.4}{\376\377\000C\000e\000\040\000q\000u\000i\000\040\000r\000e\000s\000t\000e\000\040\000\340\000\040\000c\000o\000n\000s\000t\000r\000u\000i\000r\000e}{part.2}% 228
