\BOOKMARK [0][-]{chapter*.1}{\376\377\000A\000v\000a\000n\000t\000-\000p\000r\000o\000p\000o\000s}{}% 1
\BOOKMARK [-1][-]{part.1}{\376\377\000I\000\040\000A\000p\000p\000r\000o\000c\000h\000e\000\040\000n\000a\000\357\000v\000e}{}% 2
\BOOKMARK [0][-]{chapter.1}{\376\377\000L\000e\000\040\000b\000e\000s\000o\000i\000n}{part.1}% 3
\BOOKMARK [1][-]{section.1.1}{\376\377\000C\000e\000\040\000q\000u\000i\000\040\000e\000x\000i\000s\000t\000e\000\040\000d\000\351\000j\000\340}{chapter.1}% 4
\BOOKMARK [1][-]{section.1.2}{\376\377\000C\000e\000\040\000q\000u\000'\000o\000n\000\040\000a\000j\000o\000u\000t\000e}{chapter.1}% 5
\BOOKMARK [1][-]{section.1.3}{\376\377\000L\000e\000s\000\040\000r\000\350\000g\000l\000e\000s\000\040\000p\000r\000o\000d\000u\000i\000t}{chapter.1}% 6
\BOOKMARK [0][-]{chapter.2}{\376\377\000M\000o\000n\000\040\000c\000o\000d\000e\000\040\000p\000e\000r\000s\000o\000n\000n\000e\000l}{part.1}% 7
\BOOKMARK [1][-]{section.2.1}{\376\377\000V\000u\000e\000\040\000d\000'\000e\000n\000s\000e\000m\000b\000l\000e}{chapter.2}% 8
\BOOKMARK [1][-]{section.2.2}{\376\377\000\311\000c\000r\000a\000n\000\040\040\024\000\040\000M\000o\000n\000\040\000c\000o\000d\000e}{chapter.2}% 9
\BOOKMARK [1][-]{section.2.3}{\376\377\000\312\000t\000r\000e\000\040\000p\000r\000\351\000v\000e\000n\000u\000,\000\040\000a\000j\000o\000u\000t\000e\000r\000\040\000e\000n\000\040\000r\000e\000t\000o\000u\000r}{chapter.2}% 10
\BOOKMARK [1][-]{section.2.4}{\376\377\000R\000e\000c\000o\000n\000n\000a\000\356\000t\000r\000e\000\040\000u\000n\000\040\000c\000o\000n\000t\000a\000c\000t\000\040\000a\000j\000o\000u\000t\000\351\000\040\000p\000a\000r\000\040\000Q\000R}{chapter.2}% 11
\BOOKMARK [1][-]{section.2.5}{\376\377\000P\000a\000r\000t\000a\000g\000e\000r\000\040\000s\000o\000n\000\040\000c\000o\000d\000e}{chapter.2}% 12
\BOOKMARK [1][-]{section.2.6}{\376\377\000\311\000c\000r\000a\000n\000\040\040\024\000\040\000S\000c\000a\000n\000n\000e\000r}{chapter.2}% 13
\BOOKMARK [1][-]{section.2.7}{\376\377\000P\000o\000i\000n\000t\000s\000\040\000d\000'\000e\000n\000t\000r\000\351\000e}{chapter.2}% 14
\BOOKMARK [0][-]{chapter.3}{\376\377\000C\000o\000n\000n\000e\000x\000i\000o\000n\000\040\000d\000'\000u\000n\000\040\000s\000e\000c\000o\000n\000d\000\040\000a\000p\000p\000a\000r\000e\000i\000l}{part.1}% 15
\BOOKMARK [1][-]{section.3.1}{\376\377\000L\000e\000\040\000p\000r\000i\000n\000c\000i\000p\000e}{chapter.3}% 16
\BOOKMARK [1][-]{section.3.2}{\376\377\000\311\000c\000r\000a\000n\000\040\040\024\000\040\000S\000e\000\040\000c\000o\000n\000n\000e\000c\000t\000e\000r\000\040\000p\000a\000r\000\040\000Q\000R}{chapter.3}% 17
\BOOKMARK [1][-]{section.3.3}{\376\377\000\311\000c\000r\000a\000n\000\040\040\024\000\040\000C\000o\000n\000f\000i\000r\000m\000e\000r\000\040\000l\000a\000\040\000c\000o\000n\000n\000e\000x\000i\000o\000n}{chapter.3}% 18
\BOOKMARK [1][-]{section.3.4}{\376\377\000\311\000c\000r\000a\000n\000\040\040\024\000\040\000M\000e\000s\000\040\000a\000p\000p\000a\000r\000e\000i\000l\000s\000\040\000c\000o\000n\000n\000e\000c\000t\000\351\000s}{chapter.3}% 19
\BOOKMARK [1][-]{section.3.5}{\376\377\000P\000o\000i\000n\000t\000s\000\040\000d\000'\000e\000n\000t\000r\000\351\000e}{chapter.3}% 20
\BOOKMARK [-1][-]{part.2}{\376\377\000I\000I\000\040\000A\000p\000p\000r\000o\000c\000h\000e\000\040\000t\000e\000c\000h\000n\000i\000q\000u\000e}{}% 21
\BOOKMARK [0][-]{chapter.4}{\376\377\000E\000n\000v\000e\000l\000o\000p\000p\000e\000\040\000d\000e\000\040\000p\000a\000y\000l\000o\000a\000d\000\040\000e\000t\000\040\000r\000\351\000s\000o\000l\000u\000t\000i\000o\000n}{part.2}% 22
\BOOKMARK [0][-]{chapter.5}{\376\377\000M\000o\000d\000\350\000l\000e\000\040\000d\000e\000\040\000d\000o\000n\000n\000\351\000e\000s}{part.2}% 23
\BOOKMARK [1][-]{section.5.1}{\376\377\000L\000e\000\040\000j\000e\000t\000o\000n\000\040\000d\000'\000i\000d\000e\000n\000t\000i\000t\000\351\000\040\000p\000e\000r\000m\000a\000n\000e\000n\000t\000,\000\040\000e\000t\000\040\000s\000o\000n\000\040\000v\000e\000r\000r\000o\000u}{chapter.5}% 24
\BOOKMARK [1][-]{section.5.2}{\376\377\000L\000a\000\040\000n\000a\000t\000u\000r\000e\000\040\000d\000e\000\040\000d\000e\000v\000i\000c\000e\000\137\000i\000d}{chapter.5}% 25
\BOOKMARK [1][-]{section.5.3}{\376\377\000L\000e\000\040\000j\000e\000t\000o\000n\000\040\000e\000t\000\040\000l\000a\000\040\000t\000a\000b\000l\000e\000\040\000a\000p\000p\000a\000r\000e\000i\000l\000s}{chapter.5}% 26
\BOOKMARK [1][-]{section.5.4}{\376\377\000L\000'\000o\000r\000i\000g\000i\000n\000e\000\040\000d\000'\000u\000n\000\040\000c\000o\000n\000t\000a\000c\000t}{chapter.5}% 27
\BOOKMARK [0][-]{chapter.6}{\376\377\000R\000e\000n\000d\000r\000e\000\040\000l\000a\000\040\000r\000\351\000v\000o\000c\000a\000t\000i\000o\000n\000\040\000r\000\351\000e\000l\000l\000e}{part.2}% 28
\BOOKMARK [1][-]{section.6.1}{\376\377\000C\000e\000\040\000q\000u\000e\000\040\000f\000a\000i\000t\000\040\000v\000r\000a\000i\000m\000e\000n\000t\000\040\000l\000a\000\040\000r\000\351\000v\000o\000c\000a\000t\000i\000o\000n}{chapter.6}% 29
\BOOKMARK [0][-]{chapter.7}{\376\377\000A\000j\000o\000u\000t\000\040\000d\000e\000\040\000c\000o\000n\000t\000a\000c\000t\000\040\000i\000n\000s\000t\000a\000n\000t\000a\000n\000\351}{part.2}% 30
\BOOKMARK [1][-]{section.7.1}{\376\377\000L\000e\000\040\000j\000e\000t\000o\000n\000\040\000\351\000p\000h\000\351\000m\000\350\000r\000e\000,\000\040\000e\000n\000\040\000m\000\351\000m\000o\000i\000r\000e}{chapter.7}% 31
\BOOKMARK [1][-]{section.7.2}{\376\377\000R\000\351\000s\000o\000l\000u\000t\000i\000o\000n\000\040\000e\000t\000\040\000c\000o\000n\000s\000o\000m\000m\000a\000t\000i\000o\000n}{chapter.7}% 32
\BOOKMARK [1][-]{section.7.3}{\376\377\000P\000r\000\351\000v\000e\000n\000i\000r\000\040\000l\000e\000\040\000p\000r\000o\000p\000r\000i\000\351\000t\000a\000i\000r\000e}{chapter.7}% 33
\BOOKMARK [1][-]{section.7.4}{\376\377\000L\000'\000a\000j\000o\000u\000t\000\040\000e\000n\000\040\000r\000e\000t\000o\000u\000r}{chapter.7}% 34
\BOOKMARK [0][-]{chapter.8}{\376\377\000L\000a\000\040\000s\000e\000s\000s\000i\000o\000n\000\040\000d\000e\000\040\000c\000o\000n\000n\000e\000x\000i\000o\000n\000\040\000\351\000p\000h\000\351\000m\000\350\000r\000e}{part.2}% 35
\BOOKMARK [1][-]{section.8.1}{\376\377\000U\000n\000e\000\040\000s\000t\000r\000u\000c\000t\000u\000r\000e\000\040\000e\000n\000\040\000m\000\351\000m\000o\000i\000r\000e\000,\000\040\000p\000a\000s\000\040\000u\000n\000e\000\040\000t\000a\000b\000l\000e}{chapter.8}% 36
\BOOKMARK [1][-]{section.8.2}{\376\377\000D\000e\000u\000x\000\040\000s\000e\000c\000r\000e\000t\000s\000\040\000p\000a\000r\000\040\000s\000e\000s\000s\000i\000o\000n\000,\000\040\000j\000a\000m\000a\000i\000s\000\040\000i\000n\000t\000e\000r\000c\000h\000a\000n\000g\000e\000a\000b\000l\000e\000s}{chapter.8}% 37
\BOOKMARK [1][-]{section.8.3}{\376\377\000C\000y\000c\000l\000e\000\040\000d\000e\000\040\000v\000i\000e}{chapter.8}% 38
\BOOKMARK [1][-]{section.8.4}{\376\377\000L\000'\000e\000x\000c\000e\000p\000t\000i\000o\000n\000\040\000d\000'\000a\000u\000t\000h\000e\000n\000t\000i\000f\000i\000c\000a\000t\000i\000o\000n\000\040\000s\000o\000c\000k\000e\000t}{chapter.8}% 39
\BOOKMARK [0][-]{chapter.9}{\376\377\000A\000P\000I}{part.2}% 40
\BOOKMARK [1][-]{section.9.1}{\376\377\000L\000i\000m\000i\000t\000a\000t\000i\000o\000n\000\040\000d\000e\000\040\000d\000\351\000b\000i\000t}{chapter.9}% 41
\BOOKMARK [0][-]{chapter.10}{\376\377\000C\000l\000i\000e\000n\000t\000\040\000F\000l\000u\000t\000t\000e\000r}{part.2}% 42
\BOOKMARK [1][-]{section.10.1}{\376\377\000C\000o\000u\000c\000h\000e\000\040\000d\000o\000n\000n\000\351\000e\000s}{chapter.10}% 43
\BOOKMARK [1][-]{section.10.2}{\376\377\000I\000n\000t\000e\000r\000f\000a\000c\000e}{chapter.10}% 44
\BOOKMARK [1][-]{section.10.3}{\376\377\000M\000o\000n\000\040\000c\000o\000d\000e\000\040\000:\000\040\000d\000\351\000c\000o\000m\000p\000t\000e\000,\000\040\000c\000o\000n\000s\000o\000m\000m\000a\000t\000i\000o\000n\000,\000\040\000r\000\351\000g\000\351\000n\000\351\000r\000a\000t\000i\000o\000n}{chapter.10}% 45
\BOOKMARK [1][-]{section.10.4}{\376\377\000L\000a\000\040\000p\000a\000s\000t\000i\000l\000l\000e\000,\000\040\000r\000e\000n\000d\000u\000e\000\040\000\340\000\040\000u\000n\000\040\000s\000e\000u\000l\000\040\000e\000n\000d\000r\000o\000i\000t}{chapter.10}% 46
\BOOKMARK [1][-]{section.10.5}{\376\377\000L\000e\000\040\000d\000i\000a\000l\000o\000g\000u\000e\000\040\000g\000l\000o\000b\000a\000l\000\040\000d\000'\000a\000j\000o\000u\000t\000\040\000e\000n\000\040\000r\000e\000t\000o\000u\000r}{chapter.10}% 47
\BOOKMARK [1][-]{section.10.6}{\376\377\000L\000i\000e\000n\000s\000\040\000p\000r\000o\000f\000o\000n\000d\000s}{chapter.10}% 48
\BOOKMARK [0][-]{chapter.11}{\376\377\000I\000m\000p\000a\000c\000t\000\040\000f\000i\000c\000h\000i\000e\000r\000\040\000p\000a\000r\000\040\000f\000i\000c\000h\000i\000e\000r}{part.2}% 49
\BOOKMARK [1][-]{section.11.1}{\376\377\000B\000a\000c\000k\000e\000n\000d\000\040\040\024\000\040\000A\000l\000a\000n\000y\000a\000-\000B\000a\000c\000k\000e\000n\000d}{chapter.11}% 50
\BOOKMARK [1][-]{section.11.2}{\376\377\000M\000o\000b\000i\000l\000e\000\040\040\024\000\040\000T\000a\000l\000k\000y\000\040\000\050\000F\000l\000u\000t\000t\000e\000r\000\051}{chapter.11}% 51
\BOOKMARK [0][-]{chapter.12}{\376\377\000V\000\351\000r\000i\000f\000i\000c\000a\000t\000i\000o\000n}{part.2}% 52
\BOOKMARK [1][-]{section.12.1}{\376\377\000B\000a\000c\000k\000e\000n\000d}{chapter.12}% 53
\BOOKMARK [1][-]{section.12.2}{\376\377\000C\000l\000i\000e\000n\000t}{chapter.12}% 54
\BOOKMARK [0][-]{chapter.13}{\376\377\000P\000o\000i\000n\000t\000s\000\040\000d\000e\000\040\000v\000i\000g\000i\000l\000a\000n\000c\000e\000\040\000e\000t\000\040\000q\000u\000e\000s\000t\000i\000o\000n\000s\000\040\000o\000u\000v\000e\000r\000t\000e\000s}{part.2}% 55
