\BOOKMARK [0][-]{chapter*.1}{\376\377\000A\000v\000a\000n\000t\000-\000p\000r\000o\000p\000o\000s}{}% 1
\BOOKMARK [-1][-]{part.1}{\376\377\000I\000\040\000A\000p\000p\000r\000o\000c\000h\000e\000\040\000n\000a\000\357\000v\000e}{}% 2
\BOOKMARK [0][-]{chapter.1}{\376\377\000L\000e\000\040\000b\000e\000s\000o\000i\000n}{part.1}% 3
\BOOKMARK [1][-]{section.1.1}{\376\377\000C\000e\000\040\000q\000u\000i\000\040\000e\000x\000i\000s\000t\000e\000\040\000d\000\351\000j\000\340}{chapter.1}% 4
\BOOKMARK [1][-]{section.1.2}{\376\377\000P\000o\000u\000r\000q\000u\000o\000i\000\040\000l\000e\000\040\000m\000e\000s\000s\000a\000g\000e\000\040\000n\000e\000\040\000c\000o\000n\000v\000i\000e\000n\000t\000\040\000p\000a\000s\000\040\000a\000u\000\040\000t\000e\000m\000p\000s\000\040\000r\000\351\000e\000l}{chapter.1}% 5
\BOOKMARK [1][-]{section.1.3}{\376\377\000C\000e\000\040\000q\000u\000'\000o\000n\000\040\000a\000j\000o\000u\000t\000e}{chapter.1}% 6
\BOOKMARK [1][-]{section.1.4}{\376\377\000L\000a\000\040\000p\000r\000o\000m\000e\000s\000s\000e\000,\000\040\000e\000t\000\040\000c\000e\000\040\000q\000u\000'\000e\000l\000l\000e\000\040\000n\000'\000e\000s\000t\000\040\000p\000a\000s}{chapter.1}% 7
\BOOKMARK [1][-]{section.1.5}{\376\377\000L\000e\000s\000\040\000r\000\350\000g\000l\000e\000s\000\040\000p\000r\000o\000d\000u\000i\000t}{chapter.1}% 8
\BOOKMARK [0][-]{chapter.2}{\376\377\000L\000e\000\040\000c\000e\000r\000c\000l\000e\000\040\000d\000e\000\040\000c\000o\000n\000f\000i\000a\000n\000c\000e}{part.1}% 9
\BOOKMARK [1][-]{section.2.1}{\376\377\000P\000o\000u\000r\000q\000u\000o\000i\000\040\000r\000\351\000u\000t\000i\000l\000i\000s\000e\000r\000\040\000l\000a\000\040\000l\000i\000s\000t\000e\000\040\000C\000o\000n\000f\000i\000a\000n\000c\000e}{chapter.2}% 10
\BOOKMARK [1][-]{section.2.2}{\376\377\000L\000e\000\040\000c\000e\000r\000c\000l\000e\000\040\000e\000s\000t\000\040\000l\000'\000a\000u\000d\000i\000e\000n\000c\000e\000\040\040\024\000\040\000e\000n\000\040\000e\000n\000t\000i\000e\000r}{chapter.2}% 11
\BOOKMARK [1][-]{section.2.3}{\376\377\000C\000e\000\040\000q\000u\000e\000\040\000l\000e\000\040\000m\000e\000m\000b\000r\000e\000\040\000d\000\351\000c\000o\000u\000v\000r\000e}{chapter.2}% 12
\BOOKMARK [1][-]{section.2.4}{\376\377\000C\000e\000\040\000q\000u\000e\000\040\000l\000e\000\040\000m\000e\000m\000b\000r\000e\000\040\000p\000e\000u\000t\000\040\000r\000e\000f\000u\000s\000e\000r}{chapter.2}% 13
\BOOKMARK [0][-]{chapter.3}{\376\377\000L\000e\000s\000\040\000\351\000c\000r\000a\000n\000s}{part.1}% 14
\BOOKMARK [1][-]{section.3.1}{\376\377\000V\000u\000e\000\040\000d\000'\000e\000n\000s\000e\000m\000b\000l\000e}{chapter.3}% 15
\BOOKMARK [1][-]{section.3.2}{\376\377\000P\000a\000r\000t\000i\000r}{chapter.3}% 16
\BOOKMARK [1][-]{section.3.3}{\376\377\000S\000u\000i\000v\000r\000e}{chapter.3}% 17
\BOOKMARK [1][-]{section.3.4}{\376\377\000C\000\364\000t\000\351\000\040\000m\000e\000m\000b\000r\000e}{chapter.3}% 18
\BOOKMARK [1][-]{section.3.5}{\376\377\000D\000\351\000c\000i\000d\000e\000r\000\040\000e\000t\000\040\000a\000l\000e\000r\000t\000e\000r}{chapter.3}% 19
\BOOKMARK [1][-]{section.3.6}{\376\377\000A\000p\000r\000\350\000s\000\040\000l\000e\000\040\000t\000r\000a\000j\000e\000t}{chapter.3}% 20
\BOOKMARK [1][-]{section.3.7}{\376\377\000Q\000u\000a\000n\000d\000\040\000\347\000a\000\040\000s\000e\000\040\000d\000\351\000g\000r\000a\000d\000e}{chapter.3}% 21
\BOOKMARK [1][-]{section.3.8}{\376\377\000P\000o\000i\000n\000t\000s\000\040\000d\000'\000e\000n\000t\000r\000\351\000e}{chapter.3}% 22
\BOOKMARK [0][-]{chapter.4}{\376\377\000L\000e\000s\000\040\000r\000\350\000g\000l\000e\000s\000\040\000d\000e\000\040\000v\000i\000e\000\040\000d\000'\000u\000n\000\040\000t\000r\000a\000j\000e\000t}{part.1}% 23
\BOOKMARK [1][-]{section.4.1}{\376\377\000L\000'\000\351\000c\000h\000\351\000a\000n\000c\000e\000,\000\040\000l\000a\000\040\000g\000r\000\342\000c\000e\000,\000\040\000e\000t\000\040\000l\000e\000s\000\040\000t\000r\000o\000i\000s\000\040\000r\000e\000l\000a\000n\000c\000e\000s}{chapter.4}% 24
\BOOKMARK [1][-]{section.4.2}{\376\377\000L\000e\000\040\000c\000e\000r\000c\000l\000e\000\040\000e\000s\000t\000\040\000f\000i\000g\000\351\000\040\000a\000u\000\040\000d\000\351\000p\000a\000r\000t}{chapter.4}% 25
\BOOKMARK [1][-]{section.4.3}{\376\377\000Q\000u\000a\000n\000d\000\040\000q\000u\000e\000l\000q\000u\000'\000u\000n\000\040\000b\000l\000o\000q\000u\000e\000,\000\040\000q\000u\000a\000n\000d\000\040\000l\000e\000\040\000c\000e\000r\000c\000l\000e\000\040\000s\000e\000\040\000v\000i\000d\000e}{chapter.4}% 26
\BOOKMARK [1][-]{section.4.4}{\376\377\000C\000e\000\040\000q\000u\000'\000o\000n\000\040\000g\000a\000r\000d\000e\000,\000\040\000e\000t\000\040\000c\000o\000m\000b\000i\000e\000n\000\040\000d\000e\000\040\000t\000e\000m\000p\000s}{chapter.4}% 27
\BOOKMARK [1][-]{section.4.5}{\376\377\000C\000e\000\040\000q\000u\000e\000\040\000l\000'\000a\000d\000m\000i\000n\000i\000s\000t\000r\000a\000t\000i\000o\000n\000\040\000v\000o\000i\000t\000\040\040\024\000\040\000e\000t\000\040\000n\000e\000\040\000v\000o\000i\000t\000\040\000p\000a\000s}{chapter.4}% 28
\BOOKMARK [1][-]{section.4.6}{\376\377\000C\000e\000\040\000q\000u\000i\000\040\000n\000'\000e\000s\000t\000\040\000p\000a\000s\000\040\000d\000a\000n\000s\000\040\000c\000e\000t\000t\000e\000\040\000\351\000t\000a\000p\000e}{chapter.4}% 29
\BOOKMARK [0][-]{chapter.5}{\376\377\000C\000e\000\040\000q\000u\000i\000\040\000p\000o\000u\000r\000r\000a\000i\000t\000\040\000m\000a\000l\000\040\000t\000o\000u\000r\000n\000e\000r}{part.1}% 30
\BOOKMARK [1][-]{section.5.1}{\376\377\000L\000e\000\040\000d\000\351\000t\000o\000u\000r\000n\000e\000m\000e\000n\000t\000\040\000p\000a\000r\000\040\000u\000n\000\040\000p\000r\000o\000c\000h\000e}{chapter.5}% 31
\BOOKMARK [1][-]{section.5.2}{\376\377\000L\000a\000\040\000f\000a\000t\000i\000g\000u\000e\000\040\000d\000'\000a\000l\000e\000r\000t\000e}{chapter.5}% 32
\BOOKMARK [1][-]{section.5.3}{\376\377\000L\000a\000\040\000f\000a\000u\000s\000s\000e\000\040\000a\000l\000e\000r\000t\000e}{chapter.5}% 33
\BOOKMARK [1][-]{section.5.4}{\376\377\000L\000a\000\040\000b\000a\000t\000t\000e\000r\000i\000e\000\040\000e\000t\000\040\000l\000a\000\040\000p\000r\000\351\000c\000i\000s\000i\000o\000n}{chapter.5}% 34
\BOOKMARK [-1][-]{part.2}{\376\377\000I\000I\000\040\000A\000p\000p\000r\000o\000c\000h\000e\000\040\000t\000e\000c\000h\000n\000i\000q\000u\000e}{}% 35
\BOOKMARK [0][-]{chapter.6}{\376\377\000L\000a\000\040\000p\000r\000o\000p\000r\000i\000\351\000t\000\351\000\040\000d\000e\000\040\000s\000\373\000r\000e\000t\000\351}{part.2}% 36
\BOOKMARK [1][-]{section.6.1}{\376\377\000L\000e\000\040\000d\000\351\000s\000a\000c\000c\000o\000r\000d\000\040\000\340\000\040\000t\000r\000a\000n\000c\000h\000e\000r\000\040\000e\000n\000\040\000p\000r\000e\000m\000i\000e\000r}{chapter.6}% 37
\BOOKMARK [1][-]{section.6.2}{\376\377\000T\000r\000o\000i\000s\000\040\000c\000o\000n\000s\000\351\000q\000u\000e\000n\000c\000e\000s\000,\000\040\000\340\000\040\000n\000e\000\040\000j\000a\000m\000a\000i\000s\000\040\000p\000e\000r\000d\000r\000e\000\040\000d\000e\000\040\000v\000u\000e}{chapter.6}% 38
\BOOKMARK [0][-]{chapter.7}{\376\377\000L\000a\000\040\000m\000a\000c\000h\000i\000n\000e\000\040\000\340\000\040\000\351\000t\000a\000t\000s}{part.2}% 39
\BOOKMARK [1][-]{section.7.1}{\376\377\000L\000e\000s\000\040\000h\000u\000i\000t\000\040\000\351\000t\000a\000t\000s}{chapter.7}% 40
\BOOKMARK [1][-]{section.7.2}{\376\377\000L\000'\000a\000u\000t\000o\000m\000a\000t\000e}{chapter.7}% 41
\BOOKMARK [1][-]{section.7.3}{\376\377\000L\000e\000s\000\040\000t\000r\000a\000n\000s\000i\000t\000i\000o\000n\000s}{chapter.7}% 42
\BOOKMARK [1][-]{section.7.4}{\376\377\000Q\000u\000a\000t\000r\000e\000\040\000i\000n\000v\000a\000r\000i\000a\000n\000t\000s}{chapter.7}% 43
\BOOKMARK [1][-]{section.7.5}{\376\377\000L\000e\000s\000\040\000c\000a\000s\000\040\000l\000i\000m\000i\000t\000e\000s}{chapter.7}% 44
\BOOKMARK [0][-]{chapter.8}{\376\377\000M\000o\000d\000\350\000l\000e\000\040\000d\000e\000\040\000d\000o\000n\000n\000\351\000e\000s}{part.2}% 45
\BOOKMARK [1][-]{section.8.1}{\376\377\000Q\000u\000a\000t\000r\000e\000\040\000t\000a\000b\000l\000e\000s}{chapter.8}% 46
\BOOKMARK [1][-]{section.8.2}{\376\377\000P\000o\000u\000r\000q\000u\000o\000i\000\040\000D\000E\000C\000I\000M\000A\000L\000\050\0009\000,\0006\000\051\000\040\000e\000t\000\040\000a\000u\000c\000u\000n\000\040\000i\000n\000d\000e\000x\000\040\000s\000p\000a\000t\000i\000a\000l}{chapter.8}% 47
\BOOKMARK [1][-]{section.8.3}{\376\377\000L\000'\000i\000n\000s\000t\000a\000n\000t\000a\000n\000\351\000\040\000d\000e\000\040\000l\000'\000a\000u\000d\000i\000e\000n\000c\000e}{chapter.8}% 48
\BOOKMARK [1][-]{section.8.4}{\376\377\000M\000\351\000m\000o\000i\000r\000e\000\040\000e\000t\000\040\000b\000a\000s\000e}{chapter.8}% 49
\BOOKMARK [0][-]{chapter.9}{\376\377\000L\000e\000\040\000f\000i\000l\000\040\000d\000e\000s\000\040\000p\000o\000s\000i\000t\000i\000o\000n\000s}{part.2}% 50
\BOOKMARK [1][-]{section.9.1}{\376\377\000T\000r\000o\000i\000s\000\040\000r\000\351\000g\000i\000m\000e\000s\000,\000\040\000p\000i\000l\000o\000t\000\351\000s\000\040\000p\000a\000r\000\040\000l\000a\000\040\000d\000i\000s\000t\000a\000n\000c\000e}{chapter.9}% 51
\BOOKMARK [1][-]{section.9.2}{\376\377\000A\000u\000c\000u\000n\000e\000\040\000d\000e\000\040\000c\000e\000s\000\040\000v\000a\000l\000e\000u\000r\000s\000\040\000n\000'\000e\000s\000t\000\040\000\351\000c\000r\000i\000t\000e\000\040\000e\000n\000\040\000d\000u\000r}{chapter.9}% 52
\BOOKMARK [1][-]{section.9.3}{\376\377\000D\000\351\000c\000i\000m\000a\000t\000i\000o\000n\000\040\000\340\000\040\000t\000r\000o\000i\000s\000\040\000\351\000t\000a\000g\000e\000s}{chapter.9}% 53
\BOOKMARK [1][-]{section.9.4}{\376\377\000D\000\351\000t\000e\000c\000t\000i\000o\000n\000\040\000d\000'\000a\000r\000r\000i\000v\000\351\000e}{chapter.9}% 54
\BOOKMARK [1][-]{section.9.5}{\376\377\000C\000o\000\373\000t\000\040\000r\000\351\000s\000e\000a\000u\000\040\000e\000t\000\040\000c\000h\000a\000r\000g\000e\000\040\000s\000e\000r\000v\000e\000u\000r}{chapter.9}% 55
\BOOKMARK [0][-]{chapter.10}{\376\377\000L\000'\000\351\000c\000h\000\351\000a\000n\000c\000e\000\040\000e\000t\000\040\000l\000'\000e\000s\000c\000a\000l\000a\000d\000e}{part.2}% 56
\BOOKMARK [1][-]{section.10.1}{\376\377\000L\000'\000e\000s\000c\000a\000l\000a\000d\000e\000\040\000e\000n\000\040\000t\000r\000o\000i\000s\000\040\000t\000e\000m\000p\000s}{chapter.10}% 57
\BOOKMARK [1][-]{section.10.2}{\376\377\000L\000e\000s\000\040\000h\000u\000i\000t\000\040\000k\000i\000n\000d\000\040\000d\000e\000\040\000j\000o\000b\000s}{chapter.10}% 58
\BOOKMARK [0][-]{chapter.11}{\376\377\000A\000P\000I}{part.2}% 59
\BOOKMARK [1][-]{section.11.1}{\376\377\000R\000E\000S\000T\000\040\040\024\000\040\000s\000r\000c\000/\000r\000o\000u\000t\000e\000s\000/\000t\000r\000i\000p\000s\000.\000j\000s}{chapter.11}% 60
\BOOKMARK [1][-]{section.11.2}{\376\377\000S\000o\000c\000k\000e\000t\000.\000I\000O\000\040\040\024\000\040\000s\000r\000c\000/\000s\000o\000c\000k\000e\000t\000/\000h\000a\000n\000d\000l\000e\000r\000s\000/\000t\000r\000i\000p\000s\000.\000j\000s}{chapter.11}% 61
\BOOKMARK [1][-]{section.11.3}{\376\377\000L\000e\000\040\000v\000e\000r\000r\000o\000u\000\040\000d\000'\000a\000p\000p\000a\000r\000e\000i\000l}{chapter.11}% 62
\BOOKMARK [0][-]{chapter.12}{\376\377\000L\000e\000\040\000m\000e\000s\000s\000a\000g\000e\000\040\000d\000e\000\040\000t\000y\000p\000e\000\040\0009}{part.2}% 63
\BOOKMARK [1][-]{section.12.1}{\376\377\000P\000o\000u\000r\000q\000u\000o\000i\000\040\000u\000n\000\040\000t\000y\000p\000e\000\040\000d\000e\000\040\000m\000e\000s\000s\000a\000g\000e}{chapter.12}% 64
\BOOKMARK [1][-]{section.12.2}{\376\377\000L\000'\000\351\000t\000a\000t\000\040\000d\000a\000n\000s\000\040\000l\000e\000\040\000m\000e\000s\000s\000a\000g\000e\000,\000\040\000l\000e\000\040\000m\000o\000u\000v\000e\000m\000e\000n\000t\000\040\000d\000a\000n\000s\000\040\000l\000e\000\040\000s\000o\000c\000k\000e\000t}{chapter.12}% 65
\BOOKMARK [1][-]{section.12.3}{\376\377\000C\000o\000m\000p\000a\000t\000i\000b\000i\000l\000i\000t\000\351\000\040\000d\000e\000s\000c\000e\000n\000d\000a\000n\000t\000e}{chapter.12}% 66
\BOOKMARK [0][-]{chapter.13}{\376\377\000N\000o\000t\000i\000f\000i\000c\000a\000t\000i\000o\000n\000s}{part.2}% 67
\BOOKMARK [0][-]{chapter.14}{\376\377\000C\000l\000i\000e\000n\000t\000\040\000F\000l\000u\000t\000t\000e\000r}{part.2}% 68
\BOOKMARK [1][-]{section.14.1}{\376\377\000C\000a\000c\000h\000e\000\040\000l\000o\000c\000a\000l\000\040\040\024\000\040\000D\000r\000i\000f\000t\000\040\0002\0003\000\040\000\040\0002\0004}{chapter.14}% 69
\BOOKMARK [1][-]{section.14.2}{\376\377\000L\000e\000\040\000s\000e\000r\000v\000i\000c\000e\000\040\000d\000e\000\040\000l\000o\000c\000a\000l\000i\000s\000a\000t\000i\000o\000n\000\040\000e\000n\000\040\000a\000v\000a\000n\000t\000-\000p\000l\000a\000n\000\040\000\050\000A\000n\000d\000r\000o\000i\000d\000\051}{chapter.14}% 70
\BOOKMARK [1][-]{section.14.3}{\376\377\000P\000e\000r\000m\000i\000s\000s\000i\000o\000n\000s\000\040\000\340\000\040\000a\000j\000o\000u\000t\000e\000r}{chapter.14}% 71
\BOOKMARK [1][-]{section.14.4}{\376\377\000i\000O\000S\000\040\040\024\000\040\000c\000e\000\040\000q\000u\000i\000\040\000e\000s\000t\000\040\000g\000a\000r\000a\000n\000t\000i\000,\000\040\000e\000t\000\040\000c\000e\000\040\000q\000u\000i\000\040\000n\000e\000\040\000l\000'\000e\000s\000t\000\040\000p\000a\000s}{chapter.14}% 72
\BOOKMARK [1][-]{section.14.5}{\376\377\000I\000n\000t\000e\000r\000f\000a\000c\000e}{chapter.14}% 73
\BOOKMARK [0][-]{chapter.15}{\376\377\000V\000i\000e\000\040\000p\000r\000i\000v\000\351\000e\000,\000\040\000c\000o\000e\000r\000c\000i\000t\000i\000o\000n\000\040\000e\000t\000\040\000a\000d\000m\000i\000n\000i\000s\000t\000r\000a\000t\000i\000o\000n}{part.2}% 74
\BOOKMARK [1][-]{section.15.1}{\376\377\000B\000a\000s\000e\000\040\000l\000\351\000g\000a\000l\000e\000\040\000e\000t\000\040\000m\000i\000n\000i\000m\000i\000s\000a\000t\000i\000o\000n}{chapter.15}% 75
\BOOKMARK [1][-]{section.15.2}{\376\377\000R\000\351\000t\000e\000n\000t\000i\000o\000n\000\040\040\024\000\040\000l\000e\000\040\000t\000a\000b\000l\000e\000a\000u\000\040\000f\000a\000i\000t\000\040\000f\000o\000i}{chapter.15}% 76
\BOOKMARK [1][-]{section.15.3}{\376\377\000C\000e\000\040\000q\000u\000e\000\040\000l\000'\000a\000d\000m\000i\000n\000i\000s\000t\000r\000a\000t\000i\000o\000n\000\040\000v\000o\000i\000t\000\040\040\024\000\040\000e\000t\000\040\000c\000e\000\040\000q\000u\000'\000o\000n\000\040\000r\000e\000f\000u\000s\000e\000\040\000d\000e\000\040\000c\000o\000n\000s\000t\000r\000u\000i\000r\000e}{chapter.15}% 77
\BOOKMARK [1][-]{section.15.4}{\376\377\000D\000\351\000t\000o\000u\000r\000n\000e\000m\000e\000n\000t\000\040\000e\000t\000\040\000c\000o\000e\000r\000c\000i\000t\000i\000o\000n}{chapter.15}% 78
\BOOKMARK [1][-]{section.15.5}{\376\377\000L\000e\000\040\000b\000l\000o\000c\000a\000g\000e\000,\000\040\000e\000t\000\040\000l\000e\000\040\000c\000e\000r\000c\000l\000e\000\040\000q\000u\000i\000\040\000s\000e\000\040\000v\000i\000d\000e}{chapter.15}% 79
\BOOKMARK [0][-]{chapter.16}{\376\377\000I\000m\000p\000a\000c\000t\000\040\000f\000i\000c\000h\000i\000e\000r\000\040\000p\000a\000r\000\040\000f\000i\000c\000h\000i\000e\000r}{part.2}% 80
\BOOKMARK [1][-]{section.16.1}{\376\377\000B\000a\000c\000k\000e\000n\000d}{chapter.16}% 81
\BOOKMARK [1][-]{section.16.2}{\376\377\000M\000o\000b\000i\000l\000e}{chapter.16}% 82
\BOOKMARK [1][-]{section.16.3}{\376\377\000A\000d\000m\000i\000n\000i\000s\000t\000r\000a\000t\000i\000o\000n}{chapter.16}% 83
\BOOKMARK [0][-]{chapter.17}{\376\377\000V\000\351\000r\000i\000f\000i\000c\000a\000t\000i\000o\000n}{part.2}% 84
\BOOKMARK [1][-]{section.17.1}{\376\377\000B\000a\000c\000k\000e\000n\000d}{chapter.17}% 85
\BOOKMARK [1][-]{section.17.2}{\376\377\000C\000l\000i\000e\000n\000t}{chapter.17}% 86
\BOOKMARK [1][-]{section.17.3}{\376\377\000R\000e\000c\000e\000t\000t\000e\000\040\000t\000e\000r\000r\000a\000i\000n\000\040\040\024\000\040\000c\000e\000\040\000q\000u\000i\000\040\000n\000e\000\040\000s\000e\000\040\000t\000e\000s\000t\000e\000\040\000q\000u\000e\000\040\000d\000e\000h\000o\000r\000s}{chapter.17}% 87
\BOOKMARK [1][-]{section.17.4}{\376\377\000P\000o\000i\000n\000t\000s\000\040\000o\000u\000v\000e\000r\000t\000s}{chapter.17}% 88
